Archive member included to satisfy reference by file (symbol)

c:/gcc-arm-none-eabi-10.3-2021.10/bin/../lib/gcc/arm-none-eabi/10.3.1/../../../../arm-none-eabi/lib/thumb/v7-m/nofp\libg.a(lib_a-errno.o)
                              CMakeFiles/led_test.elf.dir/Core/Src/syscalls.c.obj (__errno)
c:/gcc-arm-none-eabi-10.3-2021.10/bin/../lib/gcc/arm-none-eabi/10.3.1/../../../../arm-none-eabi/lib/thumb/v7-m/nofp\libg.a(lib_a-exit.o)
                              c:/gcc-arm-none-eabi-10.3-2021.10/bin/../lib/gcc/arm-none-eabi/10.3.1/../../../../arm-none-eabi/lib/thumb/v7-m/nofp/crt0.o (exit)
c:/gcc-arm-none-eabi-10.3-2021.10/bin/../lib/gcc/arm-none-eabi/10.3.1/../../../../arm-none-eabi/lib/thumb/v7-m/nofp\libg.a(lib_a-impure.o)
                              c:/gcc-arm-none-eabi-10.3-2021.10/bin/../lib/gcc/arm-none-eabi/10.3.1/../../../../arm-none-eabi/lib/thumb/v7-m/nofp\libg.a(lib_a-exit.o) (_global_impure_ptr)
c:/gcc-arm-none-eabi-10.3-2021.10/bin/../lib/gcc/arm-none-eabi/10.3.1/../../../../arm-none-eabi/lib/thumb/v7-m/nofp\libg.a(lib_a-init.o)
                              c:/gcc-arm-none-eabi-10.3-2021.10/bin/../lib/gcc/arm-none-eabi/10.3.1/../../../../arm-none-eabi/lib/thumb/v7-m/nofp/crt0.o (__libc_init_array)
c:/gcc-arm-none-eabi-10.3-2021.10/bin/../lib/gcc/arm-none-eabi/10.3.1/../../../../arm-none-eabi/lib/thumb/v7-m/nofp\libg.a(lib_a-memset.o)
                              c:/gcc-arm-none-eabi-10.3-2021.10/bin/../lib/gcc/arm-none-eabi/10.3.1/../../../../arm-none-eabi/lib/thumb/v7-m/nofp/crt0.o (memset)
c:/gcc-arm-none-eabi-10.3-2021.10/bin/../lib/gcc/arm-none-eabi/10.3.1/../../../../arm-none-eabi/lib/thumb/v7-m/nofp\libg.a(lib_a-__call_atexit.o)
                              c:/gcc-arm-none-eabi-10.3-2021.10/bin/../lib/gcc/arm-none-eabi/10.3.1/../../../../arm-none-eabi/lib/thumb/v7-m/nofp\libg.a(lib_a-exit.o) (__call_exitprocs)
c:/gcc-arm-none-eabi-10.3-2021.10/bin/../lib/gcc/arm-none-eabi/10.3.1/../../../../arm-none-eabi/lib/thumb/v7-m/nofp\libg.a(lib_a-atexit.o)
                              c:/gcc-arm-none-eabi-10.3-2021.10/bin/../lib/gcc/arm-none-eabi/10.3.1/../../../../arm-none-eabi/lib/thumb/v7-m/nofp\libg.a(lib_a-__call_atexit.o) (atexit)
c:/gcc-arm-none-eabi-10.3-2021.10/bin/../lib/gcc/arm-none-eabi/10.3.1/../../../../arm-none-eabi/lib/thumb/v7-m/nofp\libg.a(lib_a-fini.o)
                              c:/gcc-arm-none-eabi-10.3-2021.10/bin/../lib/gcc/arm-none-eabi/10.3.1/../../../../arm-none-eabi/lib/thumb/v7-m/nofp\libg.a(lib_a-__call_atexit.o) (__libc_fini_array)
c:/gcc-arm-none-eabi-10.3-2021.10/bin/../lib/gcc/arm-none-eabi/10.3.1/../../../../arm-none-eabi/lib/thumb/v7-m/nofp\libg.a(lib_a-lock.o)
                              c:/gcc-arm-none-eabi-10.3-2021.10/bin/../lib/gcc/arm-none-eabi/10.3.1/../../../../arm-none-eabi/lib/thumb/v7-m/nofp\libg.a(lib_a-__call_atexit.o) (__retarget_lock_acquire_recursive)
c:/gcc-arm-none-eabi-10.3-2021.10/bin/../lib/gcc/arm-none-eabi/10.3.1/../../../../arm-none-eabi/lib/thumb/v7-m/nofp\libg.a(lib_a-__atexit.o)
                              c:/gcc-arm-none-eabi-10.3-2021.10/bin/../lib/gcc/arm-none-eabi/10.3.1/../../../../arm-none-eabi/lib/thumb/v7-m/nofp\libg.a(lib_a-atexit.o) (__register_exitproc)

Discarded input sections

 .text          0x00000000        0x0 c:/gcc-arm-none-eabi-10.3-2021.10/bin/../lib/gcc/arm-none-eabi/10.3.1/thumb/v7-m/nofp/crti.o
 .data          0x00000000        0x0 c:/gcc-arm-none-eabi-10.3-2021.10/bin/../lib/gcc/arm-none-eabi/10.3.1/thumb/v7-m/nofp/crti.o
 .bss           0x00000000        0x0 c:/gcc-arm-none-eabi-10.3-2021.10/bin/../lib/gcc/arm-none-eabi/10.3.1/thumb/v7-m/nofp/crti.o
 .data          0x00000000        0x4 c:/gcc-arm-none-eabi-10.3-2021.10/bin/../lib/gcc/arm-none-eabi/10.3.1/thumb/v7-m/nofp/crtbegin.o
 .rodata        0x00000000       0x24 c:/gcc-arm-none-eabi-10.3-2021.10/bin/../lib/gcc/arm-none-eabi/10.3.1/thumb/v7-m/nofp/crtbegin.o
 .text          0x00000000       0x7c c:/gcc-arm-none-eabi-10.3-2021.10/bin/../lib/gcc/arm-none-eabi/10.3.1/../../../../arm-none-eabi/lib/thumb/v7-m/nofp/crt0.o
 .data          0x00000000        0x0 c:/gcc-arm-none-eabi-10.3-2021.10/bin/../lib/gcc/arm-none-eabi/10.3.1/../../../../arm-none-eabi/lib/thumb/v7-m/nofp/crt0.o
 .bss           0x00000000        0x0 c:/gcc-arm-none-eabi-10.3-2021.10/bin/../lib/gcc/arm-none-eabi/10.3.1/../../../../arm-none-eabi/lib/thumb/v7-m/nofp/crt0.o
 .ARM.extab     0x00000000        0x0 c:/gcc-arm-none-eabi-10.3-2021.10/bin/../lib/gcc/arm-none-eabi/10.3.1/../../../../arm-none-eabi/lib/thumb/v7-m/nofp/crt0.o
 .ARM.exidx     0x00000000       0x10 c:/gcc-arm-none-eabi-10.3-2021.10/bin/../lib/gcc/arm-none-eabi/10.3.1/../../../../arm-none-eabi/lib/thumb/v7-m/nofp/crt0.o
 .ARM.attributes
                0x00000000       0x1b c:/gcc-arm-none-eabi-10.3-2021.10/bin/../lib/gcc/arm-none-eabi/10.3.1/../../../../arm-none-eabi/lib/thumb/v7-m/nofp/crt0.o
 .text          0x00000000        0x0 CMakeFiles/led_test.elf.dir/Core/Src/main.c.obj
 .data          0x00000000        0x0 CMakeFiles/led_test.elf.dir/Core/Src/main.c.obj
 .bss           0x00000000        0x0 CMakeFiles/led_test.elf.dir/Core/Src/main.c.obj
 .text          0x00000000        0x0 CMakeFiles/led_test.elf.dir/Core/Src/stm32f1xx_hal_msp.c.obj
 .data          0x00000000        0x0 CMakeFiles/led_test.elf.dir/Core/Src/stm32f1xx_hal_msp.c.obj
 .bss           0x00000000        0x0 CMakeFiles/led_test.elf.dir/Core/Src/stm32f1xx_hal_msp.c.obj
 .text          0x00000000        0x0 CMakeFiles/led_test.elf.dir/Core/Src/stm32f1xx_it.c.obj
 .data          0x00000000        0x0 CMakeFiles/led_test.elf.dir/Core/Src/stm32f1xx_it.c.obj
 .bss           0x00000000        0x0 CMakeFiles/led_test.elf.dir/Core/Src/stm32f1xx_it.c.obj
 .text          0x00000000        0x0 CMakeFiles/led_test.elf.dir/Core/Src/syscalls.c.obj
 .data          0x00000000        0x0 CMakeFiles/led_test.elf.dir/Core/Src/syscalls.c.obj
 .bss           0x00000000        0x0 CMakeFiles/led_test.elf.dir/Core/Src/syscalls.c.obj
 .text.initialise_monitor_handles
                0x00000000        0x2 CMakeFiles/led_test.elf.dir/Core/Src/syscalls.c.obj
 .text._getpid  0x00000000        0x4 CMakeFiles/led_test.elf.dir/Core/Src/syscalls.c.obj
 .text._kill    0x00000000       0x10 CMakeFiles/led_test.elf.dir/Core/Src/syscalls.c.obj
 .text._exit    0x00000000        0xc CMakeFiles/led_test.elf.dir/Core/Src/syscalls.c.obj
 .text._read    0x00000000       0x20 CMakeFiles/led_test.elf.dir/Core/Src/syscalls.c.obj
 .text._write   0x00000000       0x1c CMakeFiles/led_test.elf.dir/Core/Src/syscalls.c.obj
 .text._close   0x00000000        0x6 CMakeFiles/led_test.elf.dir/Core/Src/syscalls.c.obj
 .text._fstat   0x00000000        0xa CMakeFiles/led_test.elf.dir/Core/Src/syscalls.c.obj
 .text._isatty  0x00000000        0x4 CMakeFiles/led_test.elf.dir/Core/Src/syscalls.c.obj
 .text._lseek   0x00000000        0x4 CMakeFiles/led_test.elf.dir/Core/Src/syscalls.c.obj
 .text._open    0x00000000        0xa CMakeFiles/led_test.elf.dir/Core/Src/syscalls.c.obj
 .text._wait    0x00000000       0x10 CMakeFiles/led_test.elf.dir/Core/Src/syscalls.c.obj
 .text._unlink  0x00000000       0x10 CMakeFiles/led_test.elf.dir/Core/Src/syscalls.c.obj
 .text._times   0x00000000        0x6 CMakeFiles/led_test.elf.dir/Core/Src/syscalls.c.obj
 .text._stat    0x00000000        0xa CMakeFiles/led_test.elf.dir/Core/Src/syscalls.c.obj
 .text._link    0x00000000       0x10 CMakeFiles/led_test.elf.dir/Core/Src/syscalls.c.obj
 .text._fork    0x00000000       0x10 CMakeFiles/led_test.elf.dir/Core/Src/syscalls.c.obj
 .text._execve  0x00000000       0x10 CMakeFiles/led_test.elf.dir/Core/Src/syscalls.c.obj
 .bss.__env     0x00000000        0x4 CMakeFiles/led_test.elf.dir/Core/Src/syscalls.c.obj
 .data.environ  0x00000000        0x4 CMakeFiles/led_test.elf.dir/Core/Src/syscalls.c.obj
 .debug_info    0x00000000      0x7af CMakeFiles/led_test.elf.dir/Core/Src/syscalls.c.obj
 .debug_abbrev  0x00000000      0x1a3 CMakeFiles/led_test.elf.dir/Core/Src/syscalls.c.obj
 .debug_loc     0x00000000      0x3c5 CMakeFiles/led_test.elf.dir/Core/Src/syscalls.c.obj
 .debug_aranges
                0x00000000       0xa8 CMakeFiles/led_test.elf.dir/Core/Src/syscalls.c.obj
 .debug_ranges  0x00000000       0x98 CMakeFiles/led_test.elf.dir/Core/Src/syscalls.c.obj
 .debug_line    0x00000000      0x3ef CMakeFiles/led_test.elf.dir/Core/Src/syscalls.c.obj
 .debug_str     0x00000000      0x42c CMakeFiles/led_test.elf.dir/Core/Src/syscalls.c.obj
 .comment       0x00000000       0x4a CMakeFiles/led_test.elf.dir/Core/Src/syscalls.c.obj
 .debug_frame   0x00000000      0x190 CMakeFiles/led_test.elf.dir/Core/Src/syscalls.c.obj
 .ARM.attributes
                0x00000000       0x2d CMakeFiles/led_test.elf.dir/Core/Src/syscalls.c.obj
 .text          0x00000000        0x0 CMakeFiles/led_test.elf.dir/Core/Src/sysmem.c.obj
 .data          0x00000000        0x0 CMakeFiles/led_test.elf.dir/Core/Src/sysmem.c.obj
 .bss           0x00000000        0x0 CMakeFiles/led_test.elf.dir/Core/Src/sysmem.c.obj
 .text._sbrk    0x00000000       0x48 CMakeFiles/led_test.elf.dir/Core/Src/sysmem.c.obj
 .bss.__sbrk_heap_end
                0x00000000        0x4 CMakeFiles/led_test.elf.dir/Core/Src/sysmem.c.obj
 .debug_info    0x00000000      0x174 CMakeFiles/led_test.elf.dir/Core/Src/sysmem.c.obj
 .debug_abbrev  0x00000000       0xe7 CMakeFiles/led_test.elf.dir/Core/Src/sysmem.c.obj
 .debug_loc     0x00000000       0x64 CMakeFiles/led_test.elf.dir/Core/Src/sysmem.c.obj
 .debug_aranges
                0x00000000       0x20 CMakeFiles/led_test.elf.dir/Core/Src/sysmem.c.obj
 .debug_ranges  0x00000000       0x10 CMakeFiles/led_test.elf.dir/Core/Src/sysmem.c.obj
 .debug_line    0x00000000      0x1b3 CMakeFiles/led_test.elf.dir/Core/Src/sysmem.c.obj
 .debug_str     0x00000000      0x258 CMakeFiles/led_test.elf.dir/Core/Src/sysmem.c.obj
 .comment       0x00000000       0x4a CMakeFiles/led_test.elf.dir/Core/Src/sysmem.c.obj
 .debug_frame   0x00000000       0x28 CMakeFiles/led_test.elf.dir/Core/Src/sysmem.c.obj
 .ARM.attributes
                0x00000000       0x2d CMakeFiles/led_test.elf.dir/Core/Src/sysmem.c.obj
 .text          0x00000000        0x0 CMakeFiles/led_test.elf.dir/Core/Src/system_stm32f1xx.c.obj
 .data          0x00000000        0x0 CMakeFiles/led_test.elf.dir/Core/Src/system_stm32f1xx.c.obj
 .bss           0x00000000        0x0 CMakeFiles/led_test.elf.dir/Core/Src/system_stm32f1xx.c.obj
 .text.SystemCoreClockUpdate
                0x00000000       0x94 CMakeFiles/led_test.elf.dir/Core/Src/system_stm32f1xx.c.obj
 .rodata.APBPrescTable
                0x00000000        0x8 CMakeFiles/led_test.elf.dir/Core/Src/system_stm32f1xx.c.obj
 .text          0x00000000       0x14 CMakeFiles/led_test.elf.dir/Core/Startup/startup_stm32f103c6tx.s.obj
 .data          0x00000000        0x0 CMakeFiles/led_test.elf.dir/Core/Startup/startup_stm32f103c6tx.s.obj
 .bss           0x00000000        0x0 CMakeFiles/led_test.elf.dir/Core/Startup/startup_stm32f103c6tx.s.obj
 .text          0x00000000        0x0 CMakeFiles/led_test.elf.dir/Drivers/STM32F1xx_HAL_Driver/Src/stm32f1xx_hal.c.obj
 .data          0x00000000        0x0 CMakeFiles/led_test.elf.dir/Drivers/STM32F1xx_HAL_Driver/Src/stm32f1xx_hal.c.obj
 .bss           0x00000000        0x0 CMakeFiles/led_test.elf.dir/Drivers/STM32F1xx_HAL_Driver/Src/stm32f1xx_hal.c.obj
 .text.HAL_MspInit
                0x00000000        0x2 CMakeFiles/led_test.elf.dir/Drivers/STM32F1xx_HAL_Driver/Src/stm32f1xx_hal.c.obj
 .text.HAL_MspDeInit
                0x00000000        0x2 CMakeFiles/led_test.elf.dir/Drivers/STM32F1xx_HAL_Driver/Src/stm32f1xx_hal.c.obj
 .text.HAL_DeInit
                0x00000000       0x20 CMakeFiles/led_test.elf.dir/Drivers/STM32F1xx_HAL_Driver/Src/stm32f1xx_hal.c.obj
 .text.HAL_GetTickPrio
                0x00000000        0xc CMakeFiles/led_test.elf.dir/Drivers/STM32F1xx_HAL_Driver/Src/stm32f1xx_hal.c.obj
 .text.HAL_SetTickFreq
                0x00000000       0x2c CMakeFiles/led_test.elf.dir/Drivers/STM32F1xx_HAL_Driver/Src/stm32f1xx_hal.c.obj
 .text.HAL_GetTickFreq
                0x00000000        0xc CMakeFiles/led_test.elf.dir/Drivers/STM32F1xx_HAL_Driver/Src/stm32f1xx_hal.c.obj
 .text.HAL_SuspendTick
                0x00000000        0xe CMakeFiles/led_test.elf.dir/Drivers/STM32F1xx_HAL_Driver/Src/stm32f1xx_hal.c.obj
 .text.HAL_ResumeTick
                0x00000000        0xe CMakeFiles/led_test.elf.dir/Drivers/STM32F1xx_HAL_Driver/Src/stm32f1xx_hal.c.obj
 .text.HAL_GetHalVersion
                0x00000000        0x8 CMakeFiles/led_test.elf.dir/Drivers/STM32F1xx_HAL_Driver/Src/stm32f1xx_hal.c.obj
 .text.HAL_GetREVID
                0x00000000        0xc CMakeFiles/led_test.elf.dir/Drivers/STM32F1xx_HAL_Driver/Src/stm32f1xx_hal.c.obj
 .text.HAL_GetDEVID
                0x00000000       0x10 CMakeFiles/led_test.elf.dir/Drivers/STM32F1xx_HAL_Driver/Src/stm32f1xx_hal.c.obj
 .text.HAL_GetUIDw0
                0x00000000        0xc CMakeFiles/led_test.elf.dir/Drivers/STM32F1xx_HAL_Driver/Src/stm32f1xx_hal.c.obj
 .text.HAL_GetUIDw1
                0x00000000        0xc CMakeFiles/led_test.elf.dir/Drivers/STM32F1xx_HAL_Driver/Src/stm32f1xx_hal.c.obj
 .text.HAL_GetUIDw2
                0x00000000        0xc CMakeFiles/led_test.elf.dir/Drivers/STM32F1xx_HAL_Driver/Src/stm32f1xx_hal.c.obj
 .text.HAL_DBGMCU_EnableDBGSleepMode
                0x00000000       0x10 CMakeFiles/led_test.elf.dir/Drivers/STM32F1xx_HAL_Driver/Src/stm32f1xx_hal.c.obj
 .text.HAL_DBGMCU_DisableDBGSleepMode
                0x00000000       0x10 CMakeFiles/led_test.elf.dir/Drivers/STM32F1xx_HAL_Driver/Src/stm32f1xx_hal.c.obj
 .text.HAL_DBGMCU_EnableDBGStopMode
                0x00000000       0x10 CMakeFiles/led_test.elf.dir/Drivers/STM32F1xx_HAL_Driver/Src/stm32f1xx_hal.c.obj
 .text.HAL_DBGMCU_DisableDBGStopMode
                0x00000000       0x10 CMakeFiles/led_test.elf.dir/Drivers/STM32F1xx_HAL_Driver/Src/stm32f1xx_hal.c.obj
 .text.HAL_DBGMCU_EnableDBGStandbyMode
                0x00000000       0x10 CMakeFiles/led_test.elf.dir/Drivers/STM32F1xx_HAL_Driver/Src/stm32f1xx_hal.c.obj
 .text.HAL_DBGMCU_DisableDBGStandbyMode
                0x00000000       0x10 CMakeFiles/led_test.elf.dir/Drivers/STM32F1xx_HAL_Driver/Src/stm32f1xx_hal.c.obj
 .text          0x00000000        0x0 CMakeFiles/led_test.elf.dir/Drivers/STM32F1xx_HAL_Driver/Src/stm32f1xx_hal_cortex.c.obj
 .data          0x00000000        0x0 CMakeFiles/led_test.elf.dir/Drivers/STM32F1xx_HAL_Driver/Src/stm32f1xx_hal_cortex.c.obj
 .bss           0x00000000        0x0 CMakeFiles/led_test.elf.dir/Drivers/STM32F1xx_HAL_Driver/Src/stm32f1xx_hal_cortex.c.obj
 .text.HAL_NVIC_EnableIRQ
                0x00000000       0x1c CMakeFiles/led_test.elf.dir/Drivers/STM32F1xx_HAL_Driver/Src/stm32f1xx_hal_cortex.c.obj
 .text.HAL_NVIC_DisableIRQ
                0x00000000       0x24 CMakeFiles/led_test.elf.dir/Drivers/STM32F1xx_HAL_Driver/Src/stm32f1xx_hal_cortex.c.obj
 .text.HAL_NVIC_SystemReset
                0x00000000       0x24 CMakeFiles/led_test.elf.dir/Drivers/STM32F1xx_HAL_Driver/Src/stm32f1xx_hal_cortex.c.obj
 .text.HAL_NVIC_GetPriorityGrouping
                0x00000000       0x10 CMakeFiles/led_test.elf.dir/Drivers/STM32F1xx_HAL_Driver/Src/stm32f1xx_hal_cortex.c.obj
 .text.HAL_NVIC_GetPriority
                0x00000000       0x60 CMakeFiles/led_test.elf.dir/Drivers/STM32F1xx_HAL_Driver/Src/stm32f1xx_hal_cortex.c.obj
 .text.HAL_NVIC_SetPendingIRQ
                0x00000000       0x1c CMakeFiles/led_test.elf.dir/Drivers/STM32F1xx_HAL_Driver/Src/stm32f1xx_hal_cortex.c.obj
 .text.HAL_NVIC_GetPendingIRQ
                0x00000000       0x24 CMakeFiles/led_test.elf.dir/Drivers/STM32F1xx_HAL_Driver/Src/stm32f1xx_hal_cortex.c.obj
 .text.HAL_NVIC_ClearPendingIRQ
                0x00000000       0x1c CMakeFiles/led_test.elf.dir/Drivers/STM32F1xx_HAL_Driver/Src/stm32f1xx_hal_cortex.c.obj
 .text.HAL_NVIC_GetActive
                0x00000000       0x24 CMakeFiles/led_test.elf.dir/Drivers/STM32F1xx_HAL_Driver/Src/stm32f1xx_hal_cortex.c.obj
 .text.HAL_SYSTICK_CLKSourceConfig
                0x00000000       0x20 CMakeFiles/led_test.elf.dir/Drivers/STM32F1xx_HAL_Driver/Src/stm32f1xx_hal_cortex.c.obj
 .text.HAL_SYSTICK_Callback
                0x00000000        0x2 CMakeFiles/led_test.elf.dir/Drivers/STM32F1xx_HAL_Driver/Src/stm32f1xx_hal_cortex.c.obj
 .text.HAL_SYSTICK_IRQHandler
                0x00000000        0x8 CMakeFiles/led_test.elf.dir/Drivers/STM32F1xx_HAL_Driver/Src/stm32f1xx_hal_cortex.c.obj
 .text          0x00000000        0x0 CMakeFiles/led_test.elf.dir/Drivers/STM32F1xx_HAL_Driver/Src/stm32f1xx_hal_dma.c.obj
 .data          0x00000000        0x0 CMakeFiles/led_test.elf.dir/Drivers/STM32F1xx_HAL_Driver/Src/stm32f1xx_hal_dma.c.obj
 .bss           0x00000000        0x0 CMakeFiles/led_test.elf.dir/Drivers/STM32F1xx_HAL_Driver/Src/stm32f1xx_hal_dma.c.obj
 .text.DMA_SetConfig
                0x00000000       0x2c CMakeFiles/led_test.elf.dir/Drivers/STM32F1xx_HAL_Driver/Src/stm32f1xx_hal_dma.c.obj
 .text.HAL_DMA_Init
                0x00000000       0x6c CMakeFiles/led_test.elf.dir/Drivers/STM32F1xx_HAL_Driver/Src/stm32f1xx_hal_dma.c.obj
 .text.HAL_DMA_DeInit
                0x00000000       0x68 CMakeFiles/led_test.elf.dir/Drivers/STM32F1xx_HAL_Driver/Src/stm32f1xx_hal_dma.c.obj
 .text.HAL_DMA_Start
                0x00000000       0x50 CMakeFiles/led_test.elf.dir/Drivers/STM32F1xx_HAL_Driver/Src/stm32f1xx_hal_dma.c.obj
 .text.HAL_DMA_Start_IT
                0x00000000       0x74 CMakeFiles/led_test.elf.dir/Drivers/STM32F1xx_HAL_Driver/Src/stm32f1xx_hal_dma.c.obj
 .text.HAL_DMA_Abort
                0x00000000       0x44 CMakeFiles/led_test.elf.dir/Drivers/STM32F1xx_HAL_Driver/Src/stm32f1xx_hal_dma.c.obj
 .text.HAL_DMA_Abort_IT
                0x00000000       0x98 CMakeFiles/led_test.elf.dir/Drivers/STM32F1xx_HAL_Driver/Src/stm32f1xx_hal_dma.c.obj
 .text.HAL_DMA_PollForTransfer
                0x00000000      0x22c CMakeFiles/led_test.elf.dir/Drivers/STM32F1xx_HAL_Driver/Src/stm32f1xx_hal_dma.c.obj
 .text.HAL_DMA_IRQHandler
                0x00000000      0x144 CMakeFiles/led_test.elf.dir/Drivers/STM32F1xx_HAL_Driver/Src/stm32f1xx_hal_dma.c.obj
 .text.HAL_DMA_RegisterCallback
                0x00000000       0x4a CMakeFiles/led_test.elf.dir/Drivers/STM32F1xx_HAL_Driver/Src/stm32f1xx_hal_dma.c.obj
 .text.HAL_DMA_UnRegisterCallback
                0x00000000       0x5a CMakeFiles/led_test.elf.dir/Drivers/STM32F1xx_HAL_Driver/Src/stm32f1xx_hal_dma.c.obj
 .text.HAL_DMA_GetState
                0x00000000        0x6 CMakeFiles/led_test.elf.dir/Drivers/STM32F1xx_HAL_Driver/Src/stm32f1xx_hal_dma.c.obj
 .text.HAL_DMA_GetError
                0x00000000        0x4 CMakeFiles/led_test.elf.dir/Drivers/STM32F1xx_HAL_Driver/Src/stm32f1xx_hal_dma.c.obj
 .debug_info    0x00000000      0x846 CMakeFiles/led_test.elf.dir/Drivers/STM32F1xx_HAL_Driver/Src/stm32f1xx_hal_dma.c.obj
 .debug_abbrev  0x00000000      0x223 CMakeFiles/led_test.elf.dir/Drivers/STM32F1xx_HAL_Driver/Src/stm32f1xx_hal_dma.c.obj
 .debug_loc     0x00000000      0x7d1 CMakeFiles/led_test.elf.dir/Drivers/STM32F1xx_HAL_Driver/Src/stm32f1xx_hal_dma.c.obj
 .debug_aranges
                0x00000000       0x80 CMakeFiles/led_test.elf.dir/Drivers/STM32F1xx_HAL_Driver/Src/stm32f1xx_hal_dma.c.obj
 .debug_ranges  0x00000000       0x70 CMakeFiles/led_test.elf.dir/Drivers/STM32F1xx_HAL_Driver/Src/stm32f1xx_hal_dma.c.obj
 .debug_line    0x00000000      0xa81 CMakeFiles/led_test.elf.dir/Drivers/STM32F1xx_HAL_Driver/Src/stm32f1xx_hal_dma.c.obj
 .debug_str     0x00000000      0x63d CMakeFiles/led_test.elf.dir/Drivers/STM32F1xx_HAL_Driver/Src/stm32f1xx_hal_dma.c.obj
 .comment       0x00000000       0x4a CMakeFiles/led_test.elf.dir/Drivers/STM32F1xx_HAL_Driver/Src/stm32f1xx_hal_dma.c.obj
 .debug_frame   0x00000000      0x144 CMakeFiles/led_test.elf.dir/Drivers/STM32F1xx_HAL_Driver/Src/stm32f1xx_hal_dma.c.obj
 .ARM.attributes
                0x00000000       0x2d CMakeFiles/led_test.elf.dir/Drivers/STM32F1xx_HAL_Driver/Src/stm32f1xx_hal_dma.c.obj
 .text          0x00000000        0x0 CMakeFiles/led_test.elf.dir/Drivers/STM32F1xx_HAL_Driver/Src/stm32f1xx_hal_exti.c.obj
 .data          0x00000000        0x0 CMakeFiles/led_test.elf.dir/Drivers/STM32F1xx_HAL_Driver/Src/stm32f1xx_hal_exti.c.obj
 .bss           0x00000000        0x0 CMakeFiles/led_test.elf.dir/Drivers/STM32F1xx_HAL_Driver/Src/stm32f1xx_hal_exti.c.obj
 .text.HAL_EXTI_SetConfigLine
                0x00000000       0xd8 CMakeFiles/led_test.elf.dir/Drivers/STM32F1xx_HAL_Driver/Src/stm32f1xx_hal_exti.c.obj
 .text.HAL_EXTI_GetConfigLine
                0x00000000       0xac CMakeFiles/led_test.elf.dir/Drivers/STM32F1xx_HAL_Driver/Src/stm32f1xx_hal_exti.c.obj
 .text.HAL_EXTI_ClearConfigLine
                0x00000000       0x88 CMakeFiles/led_test.elf.dir/Drivers/STM32F1xx_HAL_Driver/Src/stm32f1xx_hal_exti.c.obj
 .text.HAL_EXTI_RegisterCallback
                0x00000000        0xe CMakeFiles/led_test.elf.dir/Drivers/STM32F1xx_HAL_Driver/Src/stm32f1xx_hal_exti.c.obj
 .text.HAL_EXTI_GetHandle
                0x00000000        0xc CMakeFiles/led_test.elf.dir/Drivers/STM32F1xx_HAL_Driver/Src/stm32f1xx_hal_exti.c.obj
 .text.HAL_EXTI_IRQHandler
                0x00000000       0x24 CMakeFiles/led_test.elf.dir/Drivers/STM32F1xx_HAL_Driver/Src/stm32f1xx_hal_exti.c.obj
 .text.HAL_EXTI_GetPending
                0x00000000       0x1c CMakeFiles/led_test.elf.dir/Drivers/STM32F1xx_HAL_Driver/Src/stm32f1xx_hal_exti.c.obj
 .text.HAL_EXTI_ClearPending
                0x00000000       0x14 CMakeFiles/led_test.elf.dir/Drivers/STM32F1xx_HAL_Driver/Src/stm32f1xx_hal_exti.c.obj
 .text.HAL_EXTI_GenerateSWI
                0x00000000       0x14 CMakeFiles/led_test.elf.dir/Drivers/STM32F1xx_HAL_Driver/Src/stm32f1xx_hal_exti.c.obj
 .debug_info    0x00000000      0x5b4 CMakeFiles/led_test.elf.dir/Drivers/STM32F1xx_HAL_Driver/Src/stm32f1xx_hal_exti.c.obj
 .debug_abbrev  0x00000000      0x1e0 CMakeFiles/led_test.elf.dir/Drivers/STM32F1xx_HAL_Driver/Src/stm32f1xx_hal_exti.c.obj
 .debug_loc     0x00000000      0x45f CMakeFiles/led_test.elf.dir/Drivers/STM32F1xx_HAL_Driver/Src/stm32f1xx_hal_exti.c.obj
 .debug_aranges
                0x00000000       0x60 CMakeFiles/led_test.elf.dir/Drivers/STM32F1xx_HAL_Driver/Src/stm32f1xx_hal_exti.c.obj
 .debug_ranges  0x00000000       0x50 CMakeFiles/led_test.elf.dir/Drivers/STM32F1xx_HAL_Driver/Src/stm32f1xx_hal_exti.c.obj
 .debug_line    0x00000000      0x619 CMakeFiles/led_test.elf.dir/Drivers/STM32F1xx_HAL_Driver/Src/stm32f1xx_hal_exti.c.obj
 .debug_str     0x00000000      0x416 CMakeFiles/led_test.elf.dir/Drivers/STM32F1xx_HAL_Driver/Src/stm32f1xx_hal_exti.c.obj
 .comment       0x00000000       0x4a CMakeFiles/led_test.elf.dir/Drivers/STM32F1xx_HAL_Driver/Src/stm32f1xx_hal_exti.c.obj
 .debug_frame   0x00000000       0xd4 CMakeFiles/led_test.elf.dir/Drivers/STM32F1xx_HAL_Driver/Src/stm32f1xx_hal_exti.c.obj
 .ARM.attributes
                0x00000000       0x2d CMakeFiles/led_test.elf.dir/Drivers/STM32F1xx_HAL_Driver/Src/stm32f1xx_hal_exti.c.obj
 .text          0x00000000        0x0 CMakeFiles/led_test.elf.dir/Drivers/STM32F1xx_HAL_Driver/Src/stm32f1xx_hal_flash.c.obj
 .data          0x00000000        0x0 CMakeFiles/led_test.elf.dir/Drivers/STM32F1xx_HAL_Driver/Src/stm32f1xx_hal_flash.c.obj
 .bss           0x00000000        0x0 CMakeFiles/led_test.elf.dir/Drivers/STM32F1xx_HAL_Driver/Src/stm32f1xx_hal_flash.c.obj
 .text.FLASH_Program_HalfWord
                0x00000000       0x1c CMakeFiles/led_test.elf.dir/Drivers/STM32F1xx_HAL_Driver/Src/stm32f1xx_hal_flash.c.obj
 .text.FLASH_SetErrorCode
                0x00000000       0x70 CMakeFiles/led_test.elf.dir/Drivers/STM32F1xx_HAL_Driver/Src/stm32f1xx_hal_flash.c.obj
 .text.HAL_FLASH_Program_IT
                0x00000000       0x6c CMakeFiles/led_test.elf.dir/Drivers/STM32F1xx_HAL_Driver/Src/stm32f1xx_hal_flash.c.obj
 .text.HAL_FLASH_EndOfOperationCallback
                0x00000000        0x2 CMakeFiles/led_test.elf.dir/Drivers/STM32F1xx_HAL_Driver/Src/stm32f1xx_hal_flash.c.obj
 .text.HAL_FLASH_OperationErrorCallback
                0x00000000        0x2 CMakeFiles/led_test.elf.dir/Drivers/STM32F1xx_HAL_Driver/Src/stm32f1xx_hal_flash.c.obj
 .text.HAL_FLASH_IRQHandler
                0x00000000      0x154 CMakeFiles/led_test.elf.dir/Drivers/STM32F1xx_HAL_Driver/Src/stm32f1xx_hal_flash.c.obj
 .text.HAL_FLASH_Unlock
                0x00000000       0x34 CMakeFiles/led_test.elf.dir/Drivers/STM32F1xx_HAL_Driver/Src/stm32f1xx_hal_flash.c.obj
 .text.HAL_FLASH_Lock
                0x00000000       0x14 CMakeFiles/led_test.elf.dir/Drivers/STM32F1xx_HAL_Driver/Src/stm32f1xx_hal_flash.c.obj
 .text.HAL_FLASH_OB_Unlock
                0x00000000       0x28 CMakeFiles/led_test.elf.dir/Drivers/STM32F1xx_HAL_Driver/Src/stm32f1xx_hal_flash.c.obj
 .text.HAL_FLASH_OB_Lock
                0x00000000       0x14 CMakeFiles/led_test.elf.dir/Drivers/STM32F1xx_HAL_Driver/Src/stm32f1xx_hal_flash.c.obj
 .text.HAL_FLASH_OB_Launch
                0x00000000        0x8 CMakeFiles/led_test.elf.dir/Drivers/STM32F1xx_HAL_Driver/Src/stm32f1xx_hal_flash.c.obj
 .text.HAL_FLASH_GetError
                0x00000000        0xc CMakeFiles/led_test.elf.dir/Drivers/STM32F1xx_HAL_Driver/Src/stm32f1xx_hal_flash.c.obj
 .text.FLASH_WaitForLastOperation
                0x00000000       0x68 CMakeFiles/led_test.elf.dir/Drivers/STM32F1xx_HAL_Driver/Src/stm32f1xx_hal_flash.c.obj
 .text.HAL_FLASH_Program
                0x00000000       0xa0 CMakeFiles/led_test.elf.dir/Drivers/STM32F1xx_HAL_Driver/Src/stm32f1xx_hal_flash.c.obj
 .bss.pFlash    0x00000000       0x20 CMakeFiles/led_test.elf.dir/Drivers/STM32F1xx_HAL_Driver/Src/stm32f1xx_hal_flash.c.obj
 .debug_info    0x00000000      0x698 CMakeFiles/led_test.elf.dir/Drivers/STM32F1xx_HAL_Driver/Src/stm32f1xx_hal_flash.c.obj
 .debug_abbrev  0x00000000      0x22d CMakeFiles/led_test.elf.dir/Drivers/STM32F1xx_HAL_Driver/Src/stm32f1xx_hal_flash.c.obj
 .debug_loc     0x00000000      0x3a2 CMakeFiles/led_test.elf.dir/Drivers/STM32F1xx_HAL_Driver/Src/stm32f1xx_hal_flash.c.obj
 .debug_aranges
                0x00000000       0x88 CMakeFiles/led_test.elf.dir/Drivers/STM32F1xx_HAL_Driver/Src/stm32f1xx_hal_flash.c.obj
 .debug_ranges  0x00000000       0x78 CMakeFiles/led_test.elf.dir/Drivers/STM32F1xx_HAL_Driver/Src/stm32f1xx_hal_flash.c.obj
 .debug_line    0x00000000      0x7b6 CMakeFiles/led_test.elf.dir/Drivers/STM32F1xx_HAL_Driver/Src/stm32f1xx_hal_flash.c.obj
 .debug_str     0x00000000      0x56f CMakeFiles/led_test.elf.dir/Drivers/STM32F1xx_HAL_Driver/Src/stm32f1xx_hal_flash.c.obj
 .comment       0x00000000       0x4a CMakeFiles/led_test.elf.dir/Drivers/STM32F1xx_HAL_Driver/Src/stm32f1xx_hal_flash.c.obj
 .debug_frame   0x00000000      0x134 CMakeFiles/led_test.elf.dir/Drivers/STM32F1xx_HAL_Driver/Src/stm32f1xx_hal_flash.c.obj
 .ARM.attributes
                0x00000000       0x2d CMakeFiles/led_test.elf.dir/Drivers/STM32F1xx_HAL_Driver/Src/stm32f1xx_hal_flash.c.obj
 .text          0x00000000        0x0 CMakeFiles/led_test.elf.dir/Drivers/STM32F1xx_HAL_Driver/Src/stm32f1xx_hal_flash_ex.c.obj
 .data          0x00000000        0x0 CMakeFiles/led_test.elf.dir/Drivers/STM32F1xx_HAL_Driver/Src/stm32f1xx_hal_flash_ex.c.obj
 .bss           0x00000000        0x0 CMakeFiles/led_test.elf.dir/Drivers/STM32F1xx_HAL_Driver/Src/stm32f1xx_hal_flash_ex.c.obj
 .text.FLASH_MassErase
                0x00000000       0x24 CMakeFiles/led_test.elf.dir/Drivers/STM32F1xx_HAL_Driver/Src/stm32f1xx_hal_flash_ex.c.obj
 .text.FLASH_OB_GetWRP
                0x00000000        0xc CMakeFiles/led_test.elf.dir/Drivers/STM32F1xx_HAL_Driver/Src/stm32f1xx_hal_flash_ex.c.obj
 .text.FLASH_OB_GetRDP
                0x00000000       0x18 CMakeFiles/led_test.elf.dir/Drivers/STM32F1xx_HAL_Driver/Src/stm32f1xx_hal_flash_ex.c.obj
 .text.FLASH_OB_GetUser
                0x00000000       0x10 CMakeFiles/led_test.elf.dir/Drivers/STM32F1xx_HAL_Driver/Src/stm32f1xx_hal_flash_ex.c.obj
 .text.FLASH_OB_RDP_LevelConfig
                0x00000000       0x68 CMakeFiles/led_test.elf.dir/Drivers/STM32F1xx_HAL_Driver/Src/stm32f1xx_hal_flash_ex.c.obj
 .text.FLASH_OB_UserConfig
                0x00000000       0x48 CMakeFiles/led_test.elf.dir/Drivers/STM32F1xx_HAL_Driver/Src/stm32f1xx_hal_flash_ex.c.obj
 .text.FLASH_OB_ProgramData
                0x00000000       0x40 CMakeFiles/led_test.elf.dir/Drivers/STM32F1xx_HAL_Driver/Src/stm32f1xx_hal_flash_ex.c.obj
 .text.HAL_FLASHEx_OBErase
                0x00000000       0x50 CMakeFiles/led_test.elf.dir/Drivers/STM32F1xx_HAL_Driver/Src/stm32f1xx_hal_flash_ex.c.obj
 .text.FLASH_OB_EnableWRP
                0x00000000       0x60 CMakeFiles/led_test.elf.dir/Drivers/STM32F1xx_HAL_Driver/Src/stm32f1xx_hal_flash_ex.c.obj
 .text.FLASH_OB_DisableWRP
                0x00000000       0x60 CMakeFiles/led_test.elf.dir/Drivers/STM32F1xx_HAL_Driver/Src/stm32f1xx_hal_flash_ex.c.obj
 .text.HAL_FLASHEx_OBProgram
                0x00000000       0x9c CMakeFiles/led_test.elf.dir/Drivers/STM32F1xx_HAL_Driver/Src/stm32f1xx_hal_flash_ex.c.obj
 .text.HAL_FLASHEx_OBGetConfig
                0x00000000       0x1c CMakeFiles/led_test.elf.dir/Drivers/STM32F1xx_HAL_Driver/Src/stm32f1xx_hal_flash_ex.c.obj
 .text.HAL_FLASHEx_OBGetUserData
                0x00000000       0x24 CMakeFiles/led_test.elf.dir/Drivers/STM32F1xx_HAL_Driver/Src/stm32f1xx_hal_flash_ex.c.obj
 .text.FLASH_PageErase
                0x00000000       0x24 CMakeFiles/led_test.elf.dir/Drivers/STM32F1xx_HAL_Driver/Src/stm32f1xx_hal_flash_ex.c.obj
 .text.HAL_FLASHEx_Erase
                0x00000000       0xa4 CMakeFiles/led_test.elf.dir/Drivers/STM32F1xx_HAL_Driver/Src/stm32f1xx_hal_flash_ex.c.obj
 .text.HAL_FLASHEx_Erase_IT
                0x00000000       0x60 CMakeFiles/led_test.elf.dir/Drivers/STM32F1xx_HAL_Driver/Src/stm32f1xx_hal_flash_ex.c.obj
 .debug_info    0x00000000      0x9fe CMakeFiles/led_test.elf.dir/Drivers/STM32F1xx_HAL_Driver/Src/stm32f1xx_hal_flash_ex.c.obj
 .debug_abbrev  0x00000000      0x234 CMakeFiles/led_test.elf.dir/Drivers/STM32F1xx_HAL_Driver/Src/stm32f1xx_hal_flash_ex.c.obj
 .debug_loc     0x00000000      0x655 CMakeFiles/led_test.elf.dir/Drivers/STM32F1xx_HAL_Driver/Src/stm32f1xx_hal_flash_ex.c.obj
 .debug_aranges
                0x00000000       0x98 CMakeFiles/led_test.elf.dir/Drivers/STM32F1xx_HAL_Driver/Src/stm32f1xx_hal_flash_ex.c.obj
 .debug_ranges  0x00000000       0x88 CMakeFiles/led_test.elf.dir/Drivers/STM32F1xx_HAL_Driver/Src/stm32f1xx_hal_flash_ex.c.obj
 .debug_line    0x00000000      0x83e CMakeFiles/led_test.elf.dir/Drivers/STM32F1xx_HAL_Driver/Src/stm32f1xx_hal_flash_ex.c.obj
 .debug_str     0x00000000      0x667 CMakeFiles/led_test.elf.dir/Drivers/STM32F1xx_HAL_Driver/Src/stm32f1xx_hal_flash_ex.c.obj
 .comment       0x00000000       0x4a CMakeFiles/led_test.elf.dir/Drivers/STM32F1xx_HAL_Driver/Src/stm32f1xx_hal_flash_ex.c.obj
 .debug_frame   0x00000000      0x184 CMakeFiles/led_test.elf.dir/Drivers/STM32F1xx_HAL_Driver/Src/stm32f1xx_hal_flash_ex.c.obj
 .ARM.attributes
                0x00000000       0x2d CMakeFiles/led_test.elf.dir/Drivers/STM32F1xx_HAL_Driver/Src/stm32f1xx_hal_flash_ex.c.obj
 .text          0x00000000        0x0 CMakeFiles/led_test.elf.dir/Drivers/STM32F1xx_HAL_Driver/Src/stm32f1xx_hal_gpio.c.obj
 .data          0x00000000        0x0 CMakeFiles/led_test.elf.dir/Drivers/STM32F1xx_HAL_Driver/Src/stm32f1xx_hal_gpio.c.obj
 .bss           0x00000000        0x0 CMakeFiles/led_test.elf.dir/Drivers/STM32F1xx_HAL_Driver/Src/stm32f1xx_hal_gpio.c.obj
 .text.HAL_GPIO_DeInit
                0x00000000       0xf4 CMakeFiles/led_test.elf.dir/Drivers/STM32F1xx_HAL_Driver/Src/stm32f1xx_hal_gpio.c.obj
 .text.HAL_GPIO_ReadPin
                0x00000000        0xe CMakeFiles/led_test.elf.dir/Drivers/STM32F1xx_HAL_Driver/Src/stm32f1xx_hal_gpio.c.obj
 .text.HAL_GPIO_LockPin
                0x00000000       0x2e CMakeFiles/led_test.elf.dir/Drivers/STM32F1xx_HAL_Driver/Src/stm32f1xx_hal_gpio.c.obj
 .text.HAL_GPIO_EXTI_Callback
                0x00000000        0x2 CMakeFiles/led_test.elf.dir/Drivers/STM32F1xx_HAL_Driver/Src/stm32f1xx_hal_gpio.c.obj
 .text.HAL_GPIO_EXTI_IRQHandler
                0x00000000       0x1c CMakeFiles/led_test.elf.dir/Drivers/STM32F1xx_HAL_Driver/Src/stm32f1xx_hal_gpio.c.obj
 .text          0x00000000        0x0 CMakeFiles/led_test.elf.dir/Drivers/STM32F1xx_HAL_Driver/Src/stm32f1xx_hal_gpio_ex.c.obj
 .data          0x00000000        0x0 CMakeFiles/led_test.elf.dir/Drivers/STM32F1xx_HAL_Driver/Src/stm32f1xx_hal_gpio_ex.c.obj
 .bss           0x00000000        0x0 CMakeFiles/led_test.elf.dir/Drivers/STM32F1xx_HAL_Driver/Src/stm32f1xx_hal_gpio_ex.c.obj
 .text.HAL_GPIOEx_ConfigEventout
                0x00000000       0x14 CMakeFiles/led_test.elf.dir/Drivers/STM32F1xx_HAL_Driver/Src/stm32f1xx_hal_gpio_ex.c.obj
 .text.HAL_GPIOEx_EnableEventout
                0x00000000       0x10 CMakeFiles/led_test.elf.dir/Drivers/STM32F1xx_HAL_Driver/Src/stm32f1xx_hal_gpio_ex.c.obj
 .text.HAL_GPIOEx_DisableEventout
                0x00000000       0x10 CMakeFiles/led_test.elf.dir/Drivers/STM32F1xx_HAL_Driver/Src/stm32f1xx_hal_gpio_ex.c.obj
 .debug_info    0x00000000      0x15c CMakeFiles/led_test.elf.dir/Drivers/STM32F1xx_HAL_Driver/Src/stm32f1xx_hal_gpio_ex.c.obj
 .debug_abbrev  0x00000000       0xda CMakeFiles/led_test.elf.dir/Drivers/STM32F1xx_HAL_Driver/Src/stm32f1xx_hal_gpio_ex.c.obj
 .debug_loc     0x00000000       0x25 CMakeFiles/led_test.elf.dir/Drivers/STM32F1xx_HAL_Driver/Src/stm32f1xx_hal_gpio_ex.c.obj
 .debug_aranges
                0x00000000       0x30 CMakeFiles/led_test.elf.dir/Drivers/STM32F1xx_HAL_Driver/Src/stm32f1xx_hal_gpio_ex.c.obj
 .debug_ranges  0x00000000       0x20 CMakeFiles/led_test.elf.dir/Drivers/STM32F1xx_HAL_Driver/Src/stm32f1xx_hal_gpio_ex.c.obj
 .debug_line    0x00000000      0x1c7 CMakeFiles/led_test.elf.dir/Drivers/STM32F1xx_HAL_Driver/Src/stm32f1xx_hal_gpio_ex.c.obj
 .debug_str     0x00000000      0x297 CMakeFiles/led_test.elf.dir/Drivers/STM32F1xx_HAL_Driver/Src/stm32f1xx_hal_gpio_ex.c.obj
 .comment       0x00000000       0x4a CMakeFiles/led_test.elf.dir/Drivers/STM32F1xx_HAL_Driver/Src/stm32f1xx_hal_gpio_ex.c.obj
 .debug_frame   0x00000000       0x40 CMakeFiles/led_test.elf.dir/Drivers/STM32F1xx_HAL_Driver/Src/stm32f1xx_hal_gpio_ex.c.obj
 .ARM.attributes
                0x00000000       0x2d CMakeFiles/led_test.elf.dir/Drivers/STM32F1xx_HAL_Driver/Src/stm32f1xx_hal_gpio_ex.c.obj
 .text          0x00000000        0x0 CMakeFiles/led_test.elf.dir/Drivers/STM32F1xx_HAL_Driver/Src/stm32f1xx_hal_pwr.c.obj
 .data          0x00000000        0x0 CMakeFiles/led_test.elf.dir/Drivers/STM32F1xx_HAL_Driver/Src/stm32f1xx_hal_pwr.c.obj
 .bss           0x00000000        0x0 CMakeFiles/led_test.elf.dir/Drivers/STM32F1xx_HAL_Driver/Src/stm32f1xx_hal_pwr.c.obj
 .text.PWR_OverloadWfe
                0x00000000        0x6 CMakeFiles/led_test.elf.dir/Drivers/STM32F1xx_HAL_Driver/Src/stm32f1xx_hal_pwr.c.obj
 .text.HAL_PWR_DeInit
                0x00000000       0x18 CMakeFiles/led_test.elf.dir/Drivers/STM32F1xx_HAL_Driver/Src/stm32f1xx_hal_pwr.c.obj
 .text.HAL_PWR_EnableBkUpAccess
                0x00000000        0xc CMakeFiles/led_test.elf.dir/Drivers/STM32F1xx_HAL_Driver/Src/stm32f1xx_hal_pwr.c.obj
 .text.HAL_PWR_DisableBkUpAccess
                0x00000000        0xc CMakeFiles/led_test.elf.dir/Drivers/STM32F1xx_HAL_Driver/Src/stm32f1xx_hal_pwr.c.obj
 .text.HAL_PWR_ConfigPVD
                0x00000000       0x84 CMakeFiles/led_test.elf.dir/Drivers/STM32F1xx_HAL_Driver/Src/stm32f1xx_hal_pwr.c.obj
 .text.HAL_PWR_EnablePVD
                0x00000000        0xc CMakeFiles/led_test.elf.dir/Drivers/STM32F1xx_HAL_Driver/Src/stm32f1xx_hal_pwr.c.obj
 .text.HAL_PWR_DisablePVD
                0x00000000        0xc CMakeFiles/led_test.elf.dir/Drivers/STM32F1xx_HAL_Driver/Src/stm32f1xx_hal_pwr.c.obj
 .text.HAL_PWR_EnableWakeUpPin
                0x00000000       0x18 CMakeFiles/led_test.elf.dir/Drivers/STM32F1xx_HAL_Driver/Src/stm32f1xx_hal_pwr.c.obj
 .text.HAL_PWR_DisableWakeUpPin
                0x00000000       0x18 CMakeFiles/led_test.elf.dir/Drivers/STM32F1xx_HAL_Driver/Src/stm32f1xx_hal_pwr.c.obj
 .text.HAL_PWR_EnterSLEEPMode
                0x00000000       0x20 CMakeFiles/led_test.elf.dir/Drivers/STM32F1xx_HAL_Driver/Src/stm32f1xx_hal_pwr.c.obj
 .text.HAL_PWR_EnterSTOPMode
                0x00000000       0x48 CMakeFiles/led_test.elf.dir/Drivers/STM32F1xx_HAL_Driver/Src/stm32f1xx_hal_pwr.c.obj
 .text.HAL_PWR_EnterSTANDBYMode
                0x00000000       0x20 CMakeFiles/led_test.elf.dir/Drivers/STM32F1xx_HAL_Driver/Src/stm32f1xx_hal_pwr.c.obj
 .text.HAL_PWR_EnableSleepOnExit
                0x00000000       0x10 CMakeFiles/led_test.elf.dir/Drivers/STM32F1xx_HAL_Driver/Src/stm32f1xx_hal_pwr.c.obj
 .text.HAL_PWR_DisableSleepOnExit
                0x00000000       0x10 CMakeFiles/led_test.elf.dir/Drivers/STM32F1xx_HAL_Driver/Src/stm32f1xx_hal_pwr.c.obj
 .text.HAL_PWR_EnableSEVOnPend
                0x00000000       0x10 CMakeFiles/led_test.elf.dir/Drivers/STM32F1xx_HAL_Driver/Src/stm32f1xx_hal_pwr.c.obj
 .text.HAL_PWR_DisableSEVOnPend
                0x00000000       0x10 CMakeFiles/led_test.elf.dir/Drivers/STM32F1xx_HAL_Driver/Src/stm32f1xx_hal_pwr.c.obj
 .text.HAL_PWR_PVDCallback
                0x00000000        0x2 CMakeFiles/led_test.elf.dir/Drivers/STM32F1xx_HAL_Driver/Src/stm32f1xx_hal_pwr.c.obj
 .text.HAL_PWR_PVD_IRQHandler
                0x00000000       0x20 CMakeFiles/led_test.elf.dir/Drivers/STM32F1xx_HAL_Driver/Src/stm32f1xx_hal_pwr.c.obj
 .debug_info    0x00000000      0x6a7 CMakeFiles/led_test.elf.dir/Drivers/STM32F1xx_HAL_Driver/Src/stm32f1xx_hal_pwr.c.obj
 .debug_abbrev  0x00000000      0x1de CMakeFiles/led_test.elf.dir/Drivers/STM32F1xx_HAL_Driver/Src/stm32f1xx_hal_pwr.c.obj
 .debug_loc     0x00000000      0x142 CMakeFiles/led_test.elf.dir/Drivers/STM32F1xx_HAL_Driver/Src/stm32f1xx_hal_pwr.c.obj
 .debug_aranges
                0x00000000       0xa8 CMakeFiles/led_test.elf.dir/Drivers/STM32F1xx_HAL_Driver/Src/stm32f1xx_hal_pwr.c.obj
 .debug_ranges  0x00000000       0x98 CMakeFiles/led_test.elf.dir/Drivers/STM32F1xx_HAL_Driver/Src/stm32f1xx_hal_pwr.c.obj
 .debug_line    0x00000000      0x4b2 CMakeFiles/led_test.elf.dir/Drivers/STM32F1xx_HAL_Driver/Src/stm32f1xx_hal_pwr.c.obj
 .debug_str     0x00000000      0x4db CMakeFiles/led_test.elf.dir/Drivers/STM32F1xx_HAL_Driver/Src/stm32f1xx_hal_pwr.c.obj
 .comment       0x00000000       0x4a CMakeFiles/led_test.elf.dir/Drivers/STM32F1xx_HAL_Driver/Src/stm32f1xx_hal_pwr.c.obj
 .debug_frame   0x00000000      0x140 CMakeFiles/led_test.elf.dir/Drivers/STM32F1xx_HAL_Driver/Src/stm32f1xx_hal_pwr.c.obj
 .ARM.attributes
                0x00000000       0x2d CMakeFiles/led_test.elf.dir/Drivers/STM32F1xx_HAL_Driver/Src/stm32f1xx_hal_pwr.c.obj
 .text          0x00000000        0x0 CMakeFiles/led_test.elf.dir/Drivers/STM32F1xx_HAL_Driver/Src/stm32f1xx_hal_rcc.c.obj
 .data          0x00000000        0x0 CMakeFiles/led_test.elf.dir/Drivers/STM32F1xx_HAL_Driver/Src/stm32f1xx_hal_rcc.c.obj
 .bss           0x00000000        0x0 CMakeFiles/led_test.elf.dir/Drivers/STM32F1xx_HAL_Driver/Src/stm32f1xx_hal_rcc.c.obj
 .text.HAL_RCC_DeInit
                0x00000000       0xf4 CMakeFiles/led_test.elf.dir/Drivers/STM32F1xx_HAL_Driver/Src/stm32f1xx_hal_rcc.c.obj
 .text.HAL_RCC_MCOConfig
                0x00000000       0x50 CMakeFiles/led_test.elf.dir/Drivers/STM32F1xx_HAL_Driver/Src/stm32f1xx_hal_rcc.c.obj
 .text.HAL_RCC_EnableCSS
                0x00000000        0xc CMakeFiles/led_test.elf.dir/Drivers/STM32F1xx_HAL_Driver/Src/stm32f1xx_hal_rcc.c.obj
 .text.HAL_RCC_DisableCSS
                0x00000000        0xc CMakeFiles/led_test.elf.dir/Drivers/STM32F1xx_HAL_Driver/Src/stm32f1xx_hal_rcc.c.obj
 .text.HAL_RCC_GetHCLKFreq
                0x00000000        0xc CMakeFiles/led_test.elf.dir/Drivers/STM32F1xx_HAL_Driver/Src/stm32f1xx_hal_rcc.c.obj
 .text.HAL_RCC_GetPCLK1Freq
                0x00000000       0x20 CMakeFiles/led_test.elf.dir/Drivers/STM32F1xx_HAL_Driver/Src/stm32f1xx_hal_rcc.c.obj
 .text.HAL_RCC_GetPCLK2Freq
                0x00000000       0x20 CMakeFiles/led_test.elf.dir/Drivers/STM32F1xx_HAL_Driver/Src/stm32f1xx_hal_rcc.c.obj
 .text.HAL_RCC_GetOscConfig
                0x00000000       0xb4 CMakeFiles/led_test.elf.dir/Drivers/STM32F1xx_HAL_Driver/Src/stm32f1xx_hal_rcc.c.obj
 .text.HAL_RCC_GetClockConfig
                0x00000000       0x3c CMakeFiles/led_test.elf.dir/Drivers/STM32F1xx_HAL_Driver/Src/stm32f1xx_hal_rcc.c.obj
 .text.HAL_RCC_CSSCallback
                0x00000000        0x2 CMakeFiles/led_test.elf.dir/Drivers/STM32F1xx_HAL_Driver/Src/stm32f1xx_hal_rcc.c.obj
 .text.HAL_RCC_NMI_IRQHandler
                0x00000000       0x20 CMakeFiles/led_test.elf.dir/Drivers/STM32F1xx_HAL_Driver/Src/stm32f1xx_hal_rcc.c.obj
 .text          0x00000000        0x0 CMakeFiles/led_test.elf.dir/Drivers/STM32F1xx_HAL_Driver/Src/stm32f1xx_hal_rcc_ex.c.obj
 .data          0x00000000        0x0 CMakeFiles/led_test.elf.dir/Drivers/STM32F1xx_HAL_Driver/Src/stm32f1xx_hal_rcc_ex.c.obj
 .bss           0x00000000        0x0 CMakeFiles/led_test.elf.dir/Drivers/STM32F1xx_HAL_Driver/Src/stm32f1xx_hal_rcc_ex.c.obj
 .text.HAL_RCCEx_PeriphCLKConfig
                0x00000000      0x118 CMakeFiles/led_test.elf.dir/Drivers/STM32F1xx_HAL_Driver/Src/stm32f1xx_hal_rcc_ex.c.obj
 .text.HAL_RCCEx_GetPeriphCLKConfig
                0x00000000       0x2c CMakeFiles/led_test.elf.dir/Drivers/STM32F1xx_HAL_Driver/Src/stm32f1xx_hal_rcc_ex.c.obj
 .rodata.HAL_RCCEx_GetPeriphCLKFreq.str1.4
                0x00000000       0x11 CMakeFiles/led_test.elf.dir/Drivers/STM32F1xx_HAL_Driver/Src/stm32f1xx_hal_rcc_ex.c.obj
 .text.HAL_RCCEx_GetPeriphCLKFreq
                0x00000000      0x100 CMakeFiles/led_test.elf.dir/Drivers/STM32F1xx_HAL_Driver/Src/stm32f1xx_hal_rcc_ex.c.obj
 .debug_info    0x00000000      0x443 CMakeFiles/led_test.elf.dir/Drivers/STM32F1xx_HAL_Driver/Src/stm32f1xx_hal_rcc_ex.c.obj
 .debug_abbrev  0x00000000      0x1d2 CMakeFiles/led_test.elf.dir/Drivers/STM32F1xx_HAL_Driver/Src/stm32f1xx_hal_rcc_ex.c.obj
 .debug_loc     0x00000000      0x3c8 CMakeFiles/led_test.elf.dir/Drivers/STM32F1xx_HAL_Driver/Src/stm32f1xx_hal_rcc_ex.c.obj
 .debug_aranges
                0x00000000       0x30 CMakeFiles/led_test.elf.dir/Drivers/STM32F1xx_HAL_Driver/Src/stm32f1xx_hal_rcc_ex.c.obj
 .debug_ranges  0x00000000       0x38 CMakeFiles/led_test.elf.dir/Drivers/STM32F1xx_HAL_Driver/Src/stm32f1xx_hal_rcc_ex.c.obj
 .debug_line    0x00000000      0x4cc CMakeFiles/led_test.elf.dir/Drivers/STM32F1xx_HAL_Driver/Src/stm32f1xx_hal_rcc_ex.c.obj
 .debug_str     0x00000000      0x413 CMakeFiles/led_test.elf.dir/Drivers/STM32F1xx_HAL_Driver/Src/stm32f1xx_hal_rcc_ex.c.obj
 .comment       0x00000000       0x4a CMakeFiles/led_test.elf.dir/Drivers/STM32F1xx_HAL_Driver/Src/stm32f1xx_hal_rcc_ex.c.obj
 .debug_frame   0x00000000       0x64 CMakeFiles/led_test.elf.dir/Drivers/STM32F1xx_HAL_Driver/Src/stm32f1xx_hal_rcc_ex.c.obj
 .ARM.attributes
                0x00000000       0x2d CMakeFiles/led_test.elf.dir/Drivers/STM32F1xx_HAL_Driver/Src/stm32f1xx_hal_rcc_ex.c.obj
 .text          0x00000000        0x0 CMakeFiles/led_test.elf.dir/Drivers/STM32F1xx_HAL_Driver/Src/stm32f1xx_hal_tim.c.obj
 .data          0x00000000        0x0 CMakeFiles/led_test.elf.dir/Drivers/STM32F1xx_HAL_Driver/Src/stm32f1xx_hal_tim.c.obj
 .bss           0x00000000        0x0 CMakeFiles/led_test.elf.dir/Drivers/STM32F1xx_HAL_Driver/Src/stm32f1xx_hal_tim.c.obj
 .debug_info    0x00000000       0x6b CMakeFiles/led_test.elf.dir/Drivers/STM32F1xx_HAL_Driver/Src/stm32f1xx_hal_tim.c.obj
 .debug_abbrev  0x00000000       0x26 CMakeFiles/led_test.elf.dir/Drivers/STM32F1xx_HAL_Driver/Src/stm32f1xx_hal_tim.c.obj
 .debug_aranges
                0x00000000       0x18 CMakeFiles/led_test.elf.dir/Drivers/STM32F1xx_HAL_Driver/Src/stm32f1xx_hal_tim.c.obj
 .debug_line    0x00000000       0x1d CMakeFiles/led_test.elf.dir/Drivers/STM32F1xx_HAL_Driver/Src/stm32f1xx_hal_tim.c.obj
 .debug_str     0x00000000      0x1e3 CMakeFiles/led_test.elf.dir/Drivers/STM32F1xx_HAL_Driver/Src/stm32f1xx_hal_tim.c.obj
 .comment       0x00000000       0x4a CMakeFiles/led_test.elf.dir/Drivers/STM32F1xx_HAL_Driver/Src/stm32f1xx_hal_tim.c.obj
 .ARM.attributes
                0x00000000       0x2d CMakeFiles/led_test.elf.dir/Drivers/STM32F1xx_HAL_Driver/Src/stm32f1xx_hal_tim.c.obj
 .text          0x00000000        0x0 CMakeFiles/led_test.elf.dir/Drivers/STM32F1xx_HAL_Driver/Src/stm32f1xx_hal_tim_ex.c.obj
 .data          0x00000000        0x0 CMakeFiles/led_test.elf.dir/Drivers/STM32F1xx_HAL_Driver/Src/stm32f1xx_hal_tim_ex.c.obj
 .bss           0x00000000        0x0 CMakeFiles/led_test.elf.dir/Drivers/STM32F1xx_HAL_Driver/Src/stm32f1xx_hal_tim_ex.c.obj
 .debug_info    0x00000000       0x6b CMakeFiles/led_test.elf.dir/Drivers/STM32F1xx_HAL_Driver/Src/stm32f1xx_hal_tim_ex.c.obj
 .debug_abbrev  0x00000000       0x26 CMakeFiles/led_test.elf.dir/Drivers/STM32F1xx_HAL_Driver/Src/stm32f1xx_hal_tim_ex.c.obj
 .debug_aranges
                0x00000000       0x18 CMakeFiles/led_test.elf.dir/Drivers/STM32F1xx_HAL_Driver/Src/stm32f1xx_hal_tim_ex.c.obj
 .debug_line    0x00000000       0x1d CMakeFiles/led_test.elf.dir/Drivers/STM32F1xx_HAL_Driver/Src/stm32f1xx_hal_tim_ex.c.obj
 .debug_str     0x00000000      0x1e6 CMakeFiles/led_test.elf.dir/Drivers/STM32F1xx_HAL_Driver/Src/stm32f1xx_hal_tim_ex.c.obj
 .comment       0x00000000       0x4a CMakeFiles/led_test.elf.dir/Drivers/STM32F1xx_HAL_Driver/Src/stm32f1xx_hal_tim_ex.c.obj
 .ARM.attributes
                0x00000000       0x2d CMakeFiles/led_test.elf.dir/Drivers/STM32F1xx_HAL_Driver/Src/stm32f1xx_hal_tim_ex.c.obj
 .text          0x00000000        0x0 c:/gcc-arm-none-eabi-10.3-2021.10/bin/../lib/gcc/arm-none-eabi/10.3.1/../../../../arm-none-eabi/lib/thumb/v7-m/nofp\libg.a(lib_a-errno.o)
 .data          0x00000000        0x0 c:/gcc-arm-none-eabi-10.3-2021.10/bin/../lib/gcc/arm-none-eabi/10.3.1/../../../../arm-none-eabi/lib/thumb/v7-m/nofp\libg.a(lib_a-errno.o)
 .bss           0x00000000        0x0 c:/gcc-arm-none-eabi-10.3-2021.10/bin/../lib/gcc/arm-none-eabi/10.3.1/../../../../arm-none-eabi/lib/thumb/v7-m/nofp\libg.a(lib_a-errno.o)
 .text.__errno  0x00000000        0xc c:/gcc-arm-none-eabi-10.3-2021.10/bin/../lib/gcc/arm-none-eabi/10.3.1/../../../../arm-none-eabi/lib/thumb/v7-m/nofp\libg.a(lib_a-errno.o)
 .debug_frame   0x00000000       0x20 c:/gcc-arm-none-eabi-10.3-2021.10/bin/../lib/gcc/arm-none-eabi/10.3.1/../../../../arm-none-eabi/lib/thumb/v7-m/nofp\libg.a(lib_a-errno.o)
 .ARM.attributes
                0x00000000       0x2d c:/gcc-arm-none-eabi-10.3-2021.10/bin/../lib/gcc/arm-none-eabi/10.3.1/../../../../arm-none-eabi/lib/thumb/v7-m/nofp\libg.a(lib_a-errno.o)
 .text          0x00000000        0x0 c:/gcc-arm-none-eabi-10.3-2021.10/bin/../lib/gcc/arm-none-eabi/10.3.1/../../../../arm-none-eabi/lib/thumb/v7-m/nofp\libg.a(lib_a-exit.o)
 .data          0x00000000        0x0 c:/gcc-arm-none-eabi-10.3-2021.10/bin/../lib/gcc/arm-none-eabi/10.3.1/../../../../arm-none-eabi/lib/thumb/v7-m/nofp\libg.a(lib_a-exit.o)
 .bss           0x00000000        0x0 c:/gcc-arm-none-eabi-10.3-2021.10/bin/../lib/gcc/arm-none-eabi/10.3.1/../../../../arm-none-eabi/lib/thumb/v7-m/nofp\libg.a(lib_a-exit.o)
 .text.exit     0x00000000       0x20 c:/gcc-arm-none-eabi-10.3-2021.10/bin/../lib/gcc/arm-none-eabi/10.3.1/../../../../arm-none-eabi/lib/thumb/v7-m/nofp\libg.a(lib_a-exit.o)
 .debug_frame   0x00000000       0x28 c:/gcc-arm-none-eabi-10.3-2021.10/bin/../lib/gcc/arm-none-eabi/10.3.1/../../../../arm-none-eabi/lib/thumb/v7-m/nofp\libg.a(lib_a-exit.o)
 .ARM.attributes
                0x00000000       0x2d c:/gcc-arm-none-eabi-10.3-2021.10/bin/../lib/gcc/arm-none-eabi/10.3.1/../../../../arm-none-eabi/lib/thumb/v7-m/nofp\libg.a(lib_a-exit.o)
 .text          0x00000000        0x0 c:/gcc-arm-none-eabi-10.3-2021.10/bin/../lib/gcc/arm-none-eabi/10.3.1/../../../../arm-none-eabi/lib/thumb/v7-m/nofp\libg.a(lib_a-impure.o)
 .data          0x00000000        0x0 c:/gcc-arm-none-eabi-10.3-2021.10/bin/../lib/gcc/arm-none-eabi/10.3.1/../../../../arm-none-eabi/lib/thumb/v7-m/nofp\libg.a(lib_a-impure.o)
 .bss           0x00000000        0x0 c:/gcc-arm-none-eabi-10.3-2021.10/bin/../lib/gcc/arm-none-eabi/10.3.1/../../../../arm-none-eabi/lib/thumb/v7-m/nofp\libg.a(lib_a-impure.o)
 .data._impure_ptr
                0x00000000        0x4 c:/gcc-arm-none-eabi-10.3-2021.10/bin/../lib/gcc/arm-none-eabi/10.3.1/../../../../arm-none-eabi/lib/thumb/v7-m/nofp\libg.a(lib_a-impure.o)
 .text          0x00000000        0x0 c:/gcc-arm-none-eabi-10.3-2021.10/bin/../lib/gcc/arm-none-eabi/10.3.1/../../../../arm-none-eabi/lib/thumb/v7-m/nofp\libg.a(lib_a-init.o)
 .data          0x00000000        0x0 c:/gcc-arm-none-eabi-10.3-2021.10/bin/../lib/gcc/arm-none-eabi/10.3.1/../../../../arm-none-eabi/lib/thumb/v7-m/nofp\libg.a(lib_a-init.o)
 .bss           0x00000000        0x0 c:/gcc-arm-none-eabi-10.3-2021.10/bin/../lib/gcc/arm-none-eabi/10.3.1/../../../../arm-none-eabi/lib/thumb/v7-m/nofp\libg.a(lib_a-init.o)
 .text          0x00000000        0x0 c:/gcc-arm-none-eabi-10.3-2021.10/bin/../lib/gcc/arm-none-eabi/10.3.1/../../../../arm-none-eabi/lib/thumb/v7-m/nofp\libg.a(lib_a-memset.o)
 .data          0x00000000        0x0 c:/gcc-arm-none-eabi-10.3-2021.10/bin/../lib/gcc/arm-none-eabi/10.3.1/../../../../arm-none-eabi/lib/thumb/v7-m/nofp\libg.a(lib_a-memset.o)
 .bss           0x00000000        0x0 c:/gcc-arm-none-eabi-10.3-2021.10/bin/../lib/gcc/arm-none-eabi/10.3.1/../../../../arm-none-eabi/lib/thumb/v7-m/nofp\libg.a(lib_a-memset.o)
 .text          0x00000000        0x0 c:/gcc-arm-none-eabi-10.3-2021.10/bin/../lib/gcc/arm-none-eabi/10.3.1/../../../../arm-none-eabi/lib/thumb/v7-m/nofp\libg.a(lib_a-__call_atexit.o)
 .data          0x00000000        0x0 c:/gcc-arm-none-eabi-10.3-2021.10/bin/../lib/gcc/arm-none-eabi/10.3.1/../../../../arm-none-eabi/lib/thumb/v7-m/nofp\libg.a(lib_a-__call_atexit.o)
 .bss           0x00000000        0x0 c:/gcc-arm-none-eabi-10.3-2021.10/bin/../lib/gcc/arm-none-eabi/10.3.1/../../../../arm-none-eabi/lib/thumb/v7-m/nofp\libg.a(lib_a-__call_atexit.o)
 .text.__call_exitprocs
                0x00000000       0xc4 c:/gcc-arm-none-eabi-10.3-2021.10/bin/../lib/gcc/arm-none-eabi/10.3.1/../../../../arm-none-eabi/lib/thumb/v7-m/nofp\libg.a(lib_a-__call_atexit.o)
 .text          0x00000000        0x0 c:/gcc-arm-none-eabi-10.3-2021.10/bin/../lib/gcc/arm-none-eabi/10.3.1/../../../../arm-none-eabi/lib/thumb/v7-m/nofp\libg.a(lib_a-atexit.o)
 .data          0x00000000        0x0 c:/gcc-arm-none-eabi-10.3-2021.10/bin/../lib/gcc/arm-none-eabi/10.3.1/../../../../arm-none-eabi/lib/thumb/v7-m/nofp\libg.a(lib_a-atexit.o)
 .bss           0x00000000        0x0 c:/gcc-arm-none-eabi-10.3-2021.10/bin/../lib/gcc/arm-none-eabi/10.3.1/../../../../arm-none-eabi/lib/thumb/v7-m/nofp\libg.a(lib_a-atexit.o)
 .text          0x00000000        0x0 c:/gcc-arm-none-eabi-10.3-2021.10/bin/../lib/gcc/arm-none-eabi/10.3.1/../../../../arm-none-eabi/lib/thumb/v7-m/nofp\libg.a(lib_a-fini.o)
 .data          0x00000000        0x0 c:/gcc-arm-none-eabi-10.3-2021.10/bin/../lib/gcc/arm-none-eabi/10.3.1/../../../../arm-none-eabi/lib/thumb/v7-m/nofp\libg.a(lib_a-fini.o)
 .bss           0x00000000        0x0 c:/gcc-arm-none-eabi-10.3-2021.10/bin/../lib/gcc/arm-none-eabi/10.3.1/../../../../arm-none-eabi/lib/thumb/v7-m/nofp\libg.a(lib_a-fini.o)
 .text          0x00000000        0x0 c:/gcc-arm-none-eabi-10.3-2021.10/bin/../lib/gcc/arm-none-eabi/10.3.1/../../../../arm-none-eabi/lib/thumb/v7-m/nofp\libg.a(lib_a-lock.o)
 .data          0x00000000        0x0 c:/gcc-arm-none-eabi-10.3-2021.10/bin/../lib/gcc/arm-none-eabi/10.3.1/../../../../arm-none-eabi/lib/thumb/v7-m/nofp\libg.a(lib_a-lock.o)
 .bss           0x00000000        0x0 c:/gcc-arm-none-eabi-10.3-2021.10/bin/../lib/gcc/arm-none-eabi/10.3.1/../../../../arm-none-eabi/lib/thumb/v7-m/nofp\libg.a(lib_a-lock.o)
 .text.__retarget_lock_init
                0x00000000        0x4 c:/gcc-arm-none-eabi-10.3-2021.10/bin/../lib/gcc/arm-none-eabi/10.3.1/../../../../arm-none-eabi/lib/thumb/v7-m/nofp\libg.a(lib_a-lock.o)
 .text.__retarget_lock_init_recursive
                0x00000000        0x4 c:/gcc-arm-none-eabi-10.3-2021.10/bin/../lib/gcc/arm-none-eabi/10.3.1/../../../../arm-none-eabi/lib/thumb/v7-m/nofp\libg.a(lib_a-lock.o)
 .text.__retarget_lock_close
                0x00000000        0x4 c:/gcc-arm-none-eabi-10.3-2021.10/bin/../lib/gcc/arm-none-eabi/10.3.1/../../../../arm-none-eabi/lib/thumb/v7-m/nofp\libg.a(lib_a-lock.o)
 .text.__retarget_lock_close_recursive
                0x00000000        0x4 c:/gcc-arm-none-eabi-10.3-2021.10/bin/../lib/gcc/arm-none-eabi/10.3.1/../../../../arm-none-eabi/lib/thumb/v7-m/nofp\libg.a(lib_a-lock.o)
 .text.__retarget_lock_acquire
                0x00000000        0x4 c:/gcc-arm-none-eabi-10.3-2021.10/bin/../lib/gcc/arm-none-eabi/10.3.1/../../../../arm-none-eabi/lib/thumb/v7-m/nofp\libg.a(lib_a-lock.o)
 .text.__retarget_lock_try_acquire
                0x00000000        0x4 c:/gcc-arm-none-eabi-10.3-2021.10/bin/../lib/gcc/arm-none-eabi/10.3.1/../../../../arm-none-eabi/lib/thumb/v7-m/nofp\libg.a(lib_a-lock.o)
 .text.__retarget_lock_try_acquire_recursive
                0x00000000        0x4 c:/gcc-arm-none-eabi-10.3-2021.10/bin/../lib/gcc/arm-none-eabi/10.3.1/../../../../arm-none-eabi/lib/thumb/v7-m/nofp\libg.a(lib_a-lock.o)
 .text.__retarget_lock_release
                0x00000000        0x4 c:/gcc-arm-none-eabi-10.3-2021.10/bin/../lib/gcc/arm-none-eabi/10.3.1/../../../../arm-none-eabi/lib/thumb/v7-m/nofp\libg.a(lib_a-lock.o)
 .bss.__lock___arc4random_mutex
                0x00000000        0x1 c:/gcc-arm-none-eabi-10.3-2021.10/bin/../lib/gcc/arm-none-eabi/10.3.1/../../../../arm-none-eabi/lib/thumb/v7-m/nofp\libg.a(lib_a-lock.o)
 .bss.__lock___at_quick_exit_mutex
                0x00000000        0x1 c:/gcc-arm-none-eabi-10.3-2021.10/bin/../lib/gcc/arm-none-eabi/10.3.1/../../../../arm-none-eabi/lib/thumb/v7-m/nofp\libg.a(lib_a-lock.o)
 .bss.__lock___dd_hash_mutex
                0x00000000        0x1 c:/gcc-arm-none-eabi-10.3-2021.10/bin/../lib/gcc/arm-none-eabi/10.3.1/../../../../arm-none-eabi/lib/thumb/v7-m/nofp\libg.a(lib_a-lock.o)
 .bss.__lock___env_recursive_mutex
                0x00000000        0x1 c:/gcc-arm-none-eabi-10.3-2021.10/bin/../lib/gcc/arm-none-eabi/10.3.1/../../../../arm-none-eabi/lib/thumb/v7-m/nofp\libg.a(lib_a-lock.o)
 .bss.__lock___malloc_recursive_mutex
                0x00000000        0x1 c:/gcc-arm-none-eabi-10.3-2021.10/bin/../lib/gcc/arm-none-eabi/10.3.1/../../../../arm-none-eabi/lib/thumb/v7-m/nofp\libg.a(lib_a-lock.o)
 .bss.__lock___sfp_recursive_mutex
                0x00000000        0x1 c:/gcc-arm-none-eabi-10.3-2021.10/bin/../lib/gcc/arm-none-eabi/10.3.1/../../../../arm-none-eabi/lib/thumb/v7-m/nofp\libg.a(lib_a-lock.o)
 .bss.__lock___sinit_recursive_mutex
                0x00000000        0x1 c:/gcc-arm-none-eabi-10.3-2021.10/bin/../lib/gcc/arm-none-eabi/10.3.1/../../../../arm-none-eabi/lib/thumb/v7-m/nofp\libg.a(lib_a-lock.o)
 .bss.__lock___tz_mutex
                0x00000000        0x1 c:/gcc-arm-none-eabi-10.3-2021.10/bin/../lib/gcc/arm-none-eabi/10.3.1/../../../../arm-none-eabi/lib/thumb/v7-m/nofp\libg.a(lib_a-lock.o)
 .text          0x00000000        0x0 c:/gcc-arm-none-eabi-10.3-2021.10/bin/../lib/gcc/arm-none-eabi/10.3.1/../../../../arm-none-eabi/lib/thumb/v7-m/nofp\libg.a(lib_a-__atexit.o)
 .data          0x00000000        0x0 c:/gcc-arm-none-eabi-10.3-2021.10/bin/../lib/gcc/arm-none-eabi/10.3.1/../../../../arm-none-eabi/lib/thumb/v7-m/nofp\libg.a(lib_a-__atexit.o)
 .bss           0x00000000        0x0 c:/gcc-arm-none-eabi-10.3-2021.10/bin/../lib/gcc/arm-none-eabi/10.3.1/../../../../arm-none-eabi/lib/thumb/v7-m/nofp\libg.a(lib_a-__atexit.o)
 .text          0x00000000        0x0 c:/gcc-arm-none-eabi-10.3-2021.10/bin/../lib/gcc/arm-none-eabi/10.3.1/thumb/v7-m/nofp/crtend.o
 .data          0x00000000        0x0 c:/gcc-arm-none-eabi-10.3-2021.10/bin/../lib/gcc/arm-none-eabi/10.3.1/thumb/v7-m/nofp/crtend.o
 .bss           0x00000000        0x0 c:/gcc-arm-none-eabi-10.3-2021.10/bin/../lib/gcc/arm-none-eabi/10.3.1/thumb/v7-m/nofp/crtend.o
 .rodata        0x00000000       0x24 c:/gcc-arm-none-eabi-10.3-2021.10/bin/../lib/gcc/arm-none-eabi/10.3.1/thumb/v7-m/nofp/crtend.o
 .eh_frame      0x00000000        0x4 c:/gcc-arm-none-eabi-10.3-2021.10/bin/../lib/gcc/arm-none-eabi/10.3.1/thumb/v7-m/nofp/crtend.o
 .ARM.attributes
                0x00000000       0x2d c:/gcc-arm-none-eabi-10.3-2021.10/bin/../lib/gcc/arm-none-eabi/10.3.1/thumb/v7-m/nofp/crtend.o
 .text          0x00000000        0x0 c:/gcc-arm-none-eabi-10.3-2021.10/bin/../lib/gcc/arm-none-eabi/10.3.1/thumb/v7-m/nofp/crtn.o
 .data          0x00000000        0x0 c:/gcc-arm-none-eabi-10.3-2021.10/bin/../lib/gcc/arm-none-eabi/10.3.1/thumb/v7-m/nofp/crtn.o
 .bss           0x00000000        0x0 c:/gcc-arm-none-eabi-10.3-2021.10/bin/../lib/gcc/arm-none-eabi/10.3.1/thumb/v7-m/nofp/crtn.o

Memory Configuration

Name             Origin             Length             Attributes
RAM              0x20000000         0x00002800         xrw
FLASH            0x08000000         0x00008000         xr
*default*        0x00000000         0xffffffff

Linker script and memory map

LOAD c:/gcc-arm-none-eabi-10.3-2021.10/bin/../lib/gcc/arm-none-eabi/10.3.1/thumb/v7-m/nofp/crti.o
LOAD c:/gcc-arm-none-eabi-10.3-2021.10/bin/../lib/gcc/arm-none-eabi/10.3.1/thumb/v7-m/nofp/crtbegin.o
LOAD c:/gcc-arm-none-eabi-10.3-2021.10/bin/../lib/gcc/arm-none-eabi/10.3.1/../../../../arm-none-eabi/lib/thumb/v7-m/nofp/crt0.o
LOAD CMakeFiles/led_test.elf.dir/Core/Src/main.c.obj
LOAD CMakeFiles/led_test.elf.dir/Core/Src/stm32f1xx_hal_msp.c.obj
LOAD CMakeFiles/led_test.elf.dir/Core/Src/stm32f1xx_it.c.obj
LOAD CMakeFiles/led_test.elf.dir/Core/Src/syscalls.c.obj
LOAD CMakeFiles/led_test.elf.dir/Core/Src/sysmem.c.obj
LOAD CMakeFiles/led_test.elf.dir/Core/Src/system_stm32f1xx.c.obj
LOAD CMakeFiles/led_test.elf.dir/Core/Startup/startup_stm32f103c6tx.s.obj
LOAD CMakeFiles/led_test.elf.dir/Drivers/STM32F1xx_HAL_Driver/Src/stm32f1xx_hal.c.obj
LOAD CMakeFiles/led_test.elf.dir/Drivers/STM32F1xx_HAL_Driver/Src/stm32f1xx_hal_cortex.c.obj
LOAD CMakeFiles/led_test.elf.dir/Drivers/STM32F1xx_HAL_Driver/Src/stm32f1xx_hal_dma.c.obj
LOAD CMakeFiles/led_test.elf.dir/Drivers/STM32F1xx_HAL_Driver/Src/stm32f1xx_hal_exti.c.obj
LOAD CMakeFiles/led_test.elf.dir/Drivers/STM32F1xx_HAL_Driver/Src/stm32f1xx_hal_flash.c.obj
LOAD CMakeFiles/led_test.elf.dir/Drivers/STM32F1xx_HAL_Driver/Src/stm32f1xx_hal_flash_ex.c.obj
LOAD CMakeFiles/led_test.elf.dir/Drivers/STM32F1xx_HAL_Driver/Src/stm32f1xx_hal_gpio.c.obj
LOAD CMakeFiles/led_test.elf.dir/Drivers/STM32F1xx_HAL_Driver/Src/stm32f1xx_hal_gpio_ex.c.obj
LOAD CMakeFiles/led_test.elf.dir/Drivers/STM32F1xx_HAL_Driver/Src/stm32f1xx_hal_pwr.c.obj
LOAD CMakeFiles/led_test.elf.dir/Drivers/STM32F1xx_HAL_Driver/Src/stm32f1xx_hal_rcc.c.obj
LOAD CMakeFiles/led_test.elf.dir/Drivers/STM32F1xx_HAL_Driver/Src/stm32f1xx_hal_rcc_ex.c.obj
LOAD CMakeFiles/led_test.elf.dir/Drivers/STM32F1xx_HAL_Driver/Src/stm32f1xx_hal_tim.c.obj
LOAD CMakeFiles/led_test.elf.dir/Drivers/STM32F1xx_HAL_Driver/Src/stm32f1xx_hal_tim_ex.c.obj
START GROUP
LOAD c:/gcc-arm-none-eabi-10.3-2021.10/bin/../lib/gcc/arm-none-eabi/10.3.1/thumb/v7-m/nofp\libgcc.a
LOAD c:/gcc-arm-none-eabi-10.3-2021.10/bin/../lib/gcc/arm-none-eabi/10.3.1/../../../../arm-none-eabi/lib/thumb/v7-m/nofp\libg.a
LOAD c:/gcc-arm-none-eabi-10.3-2021.10/bin/../lib/gcc/arm-none-eabi/10.3.1/../../../../arm-none-eabi/lib/thumb/v7-m/nofp\libc.a
END GROUP
LOAD c:/gcc-arm-none-eabi-10.3-2021.10/bin/../lib/gcc/arm-none-eabi/10.3.1/thumb/v7-m/nofp/crtend.o
LOAD c:/gcc-arm-none-eabi-10.3-2021.10/bin/../lib/gcc/arm-none-eabi/10.3.1/thumb/v7-m/nofp/crtn.o
                0x20002800                _estack = (ORIGIN (RAM) + LENGTH (RAM))
                0x00000200                _Min_Heap_Size = 0x200
                0x00000400                _Min_Stack_Size = 0x400

.isr_vector     0x08000000      0x10c
                0x08000000                . = ALIGN (0x4)
 *(.isr_vector)
 .isr_vector    0x08000000      0x10c CMakeFiles/led_test.elf.dir/Core/Startup/startup_stm32f103c6tx.s.obj
                0x08000000                g_pfnVectors
                0x0800010c                . = ALIGN (0x4)

.text           0x0800010c      0xda4
                0x0800010c                . = ALIGN (0x4)
 *(.text)
 .text          0x0800010c       0x40 c:/gcc-arm-none-eabi-10.3-2021.10/bin/../lib/gcc/arm-none-eabi/10.3.1/thumb/v7-m/nofp/crtbegin.o
 *(.text*)
 .text.MX_GPIO_Init
                0x0800014c       0x78 CMakeFiles/led_test.elf.dir/Core/Src/main.c.obj
 .text.Error_Handler
                0x080001c4        0x4 CMakeFiles/led_test.elf.dir/Core/Src/main.c.obj
                0x080001c4                Error_Handler
 .text.SystemClock_Config
                0x080001c8       0x64 CMakeFiles/led_test.elf.dir/Core/Src/main.c.obj
                0x080001c8                SystemClock_Config
 .text.main     0x0800022c       0x24 CMakeFiles/led_test.elf.dir/Core/Src/main.c.obj
                0x0800022c                main
 .text.HAL_MspInit
                0x08000250       0x44 CMakeFiles/led_test.elf.dir/Core/Src/stm32f1xx_hal_msp.c.obj
                0x08000250                HAL_MspInit
 .text.NMI_Handler
                0x08000294        0x2 CMakeFiles/led_test.elf.dir/Core/Src/stm32f1xx_it.c.obj
                0x08000294                NMI_Handler
 .text.HardFault_Handler
                0x08000296        0x2 CMakeFiles/led_test.elf.dir/Core/Src/stm32f1xx_it.c.obj
                0x08000296                HardFault_Handler
 .text.MemManage_Handler
                0x08000298        0x2 CMakeFiles/led_test.elf.dir/Core/Src/stm32f1xx_it.c.obj
                0x08000298                MemManage_Handler
 .text.BusFault_Handler
                0x0800029a        0x2 CMakeFiles/led_test.elf.dir/Core/Src/stm32f1xx_it.c.obj
                0x0800029a                BusFault_Handler
 .text.UsageFault_Handler
                0x0800029c        0x2 CMakeFiles/led_test.elf.dir/Core/Src/stm32f1xx_it.c.obj
                0x0800029c                UsageFault_Handler
 .text.SVC_Handler
                0x0800029e        0x2 CMakeFiles/led_test.elf.dir/Core/Src/stm32f1xx_it.c.obj
                0x0800029e                SVC_Handler
 .text.DebugMon_Handler
                0x080002a0        0x2 CMakeFiles/led_test.elf.dir/Core/Src/stm32f1xx_it.c.obj
                0x080002a0                DebugMon_Handler
 .text.PendSV_Handler
                0x080002a2        0x2 CMakeFiles/led_test.elf.dir/Core/Src/stm32f1xx_it.c.obj
                0x080002a2                PendSV_Handler
 .text.SysTick_Handler
                0x080002a4        0x8 CMakeFiles/led_test.elf.dir/Core/Src/stm32f1xx_it.c.obj
                0x080002a4                SysTick_Handler
 .text.SystemInit
                0x080002ac        0x2 CMakeFiles/led_test.elf.dir/Core/Src/system_stm32f1xx.c.obj
                0x080002ac                SystemInit
 *fill*         0x080002ae        0x2 
 .text.Reset_Handler
                0x080002b0       0x48 CMakeFiles/led_test.elf.dir/Core/Startup/startup_stm32f103c6tx.s.obj
                0x080002b0                Reset_Handler
 .text.Default_Handler
                0x080002f8        0x2 CMakeFiles/led_test.elf.dir/Core/Startup/startup_stm32f103c6tx.s.obj
                0x080002f8                RTC_Alarm_IRQHandler
                0x080002f8                EXTI2_IRQHandler
                0x080002f8                TIM1_CC_IRQHandler
                0x080002f8                PVD_IRQHandler
                0x080002f8                EXTI3_IRQHandler
                0x080002f8                EXTI0_IRQHandler
                0x080002f8                ADC1_2_IRQHandler
                0x080002f8                SPI1_IRQHandler
                0x080002f8                TAMPER_IRQHandler
                0x080002f8                DMA1_Channel4_IRQHandler
                0x080002f8                RTC_IRQHandler
                0x080002f8                DMA1_Channel7_IRQHandler
                0x080002f8                CAN1_RX1_IRQHandler
                0x080002f8                I2C1_EV_IRQHandler
                0x080002f8                DMA1_Channel6_IRQHandler
                0x080002f8                TIM3_IRQHandler
                0x080002f8                RCC_IRQHandler
                0x080002f8                TIM1_TRG_COM_IRQHandler
                0x080002f8                DMA1_Channel1_IRQHandler
                0x080002f8                Default_Handler
                0x080002f8                EXTI15_10_IRQHandler
                0x080002f8                EXTI9_5_IRQHandler
                0x080002f8                DMA1_Channel5_IRQHandler
                0x080002f8                EXTI4_IRQHandler
                0x080002f8                USB_LP_CAN1_RX0_IRQHandler
                0x080002f8                USB_HP_CAN1_TX_IRQHandler
                0x080002f8                DMA1_Channel3_IRQHandler
                0x080002f8                TIM1_UP_IRQHandler
                0x080002f8                WWDG_IRQHandler
                0x080002f8                TIM2_IRQHandler
                0x080002f8                TIM1_BRK_IRQHandler
                0x080002f8                EXTI1_IRQHandler
                0x080002f8                USART2_IRQHandler
                0x080002f8                DMA1_Channel2_IRQHandler
                0x080002f8                CAN1_SCE_IRQHandler
                0x080002f8                FLASH_IRQHandler
                0x080002f8                USART1_IRQHandler
                0x080002f8                I2C1_ER_IRQHandler
                0x080002f8                USBWakeUp_IRQHandler
 *fill*         0x080002fa        0x2 
 .text.HAL_InitTick
                0x080002fc       0x4c CMakeFiles/led_test.elf.dir/Drivers/STM32F1xx_HAL_Driver/Src/stm32f1xx_hal.c.obj
                0x080002fc                HAL_InitTick
 .text.HAL_Init
                0x08000348       0x24 CMakeFiles/led_test.elf.dir/Drivers/STM32F1xx_HAL_Driver/Src/stm32f1xx_hal.c.obj
                0x08000348                HAL_Init
 .text.HAL_IncTick
                0x0800036c       0x18 CMakeFiles/led_test.elf.dir/Drivers/STM32F1xx_HAL_Driver/Src/stm32f1xx_hal.c.obj
                0x0800036c                HAL_IncTick
 .text.HAL_GetTick
                0x08000384        0xc CMakeFiles/led_test.elf.dir/Drivers/STM32F1xx_HAL_Driver/Src/stm32f1xx_hal.c.obj
                0x08000384                HAL_GetTick
 .text.HAL_Delay
                0x08000390       0x28 CMakeFiles/led_test.elf.dir/Drivers/STM32F1xx_HAL_Driver/Src/stm32f1xx_hal.c.obj
                0x08000390                HAL_Delay
 .text.HAL_NVIC_SetPriorityGrouping
                0x080003b8       0x24 CMakeFiles/led_test.elf.dir/Drivers/STM32F1xx_HAL_Driver/Src/stm32f1xx_hal_cortex.c.obj
                0x080003b8                HAL_NVIC_SetPriorityGrouping
 .text.HAL_NVIC_SetPriority
                0x080003dc       0x70 CMakeFiles/led_test.elf.dir/Drivers/STM32F1xx_HAL_Driver/Src/stm32f1xx_hal_cortex.c.obj
                0x080003dc                HAL_NVIC_SetPriority
 .text.HAL_SYSTICK_Config
                0x0800044c       0x28 CMakeFiles/led_test.elf.dir/Drivers/STM32F1xx_HAL_Driver/Src/stm32f1xx_hal_cortex.c.obj
                0x0800044c                HAL_SYSTICK_Config
 .text.HAL_GPIO_Init
                0x08000474      0x220 CMakeFiles/led_test.elf.dir/Drivers/STM32F1xx_HAL_Driver/Src/stm32f1xx_hal_gpio.c.obj
                0x08000474                HAL_GPIO_Init
 .text.HAL_GPIO_WritePin
                0x08000694        0xc CMakeFiles/led_test.elf.dir/Drivers/STM32F1xx_HAL_Driver/Src/stm32f1xx_hal_gpio.c.obj
                0x08000694                HAL_GPIO_WritePin
 .text.HAL_GPIO_TogglePin
                0x080006a0       0x12 CMakeFiles/led_test.elf.dir/Drivers/STM32F1xx_HAL_Driver/Src/stm32f1xx_hal_gpio.c.obj
                0x080006a0                HAL_GPIO_TogglePin
 *fill*         0x080006b2        0x2 
 .text.RCC_Delay
                0x080006b4       0x2c CMakeFiles/led_test.elf.dir/Drivers/STM32F1xx_HAL_Driver/Src/stm32f1xx_hal_rcc.c.obj
 .text.HAL_RCC_OscConfig
                0x080006e0      0x410 CMakeFiles/led_test.elf.dir/Drivers/STM32F1xx_HAL_Driver/Src/stm32f1xx_hal_rcc.c.obj
                0x080006e0                HAL_RCC_OscConfig
 .text.HAL_RCC_GetSysClockFreq
                0x08000af0       0x70 CMakeFiles/led_test.elf.dir/Drivers/STM32F1xx_HAL_Driver/Src/stm32f1xx_hal_rcc.c.obj
                0x08000af0                HAL_RCC_GetSysClockFreq
 .text.HAL_RCC_ClockConfig
                0x08000b60      0x16c CMakeFiles/led_test.elf.dir/Drivers/STM32F1xx_HAL_Driver/Src/stm32f1xx_hal_rcc.c.obj
                0x08000b60                HAL_RCC_ClockConfig
 .text.__libc_init_array
                0x08000ccc       0x48 c:/gcc-arm-none-eabi-10.3-2021.10/bin/../lib/gcc/arm-none-eabi/10.3.1/../../../../arm-none-eabi/lib/thumb/v7-m/nofp\libg.a(lib_a-init.o)
                0x08000ccc                __libc_init_array
 .text.memset   0x08000d14       0xa4 c:/gcc-arm-none-eabi-10.3-2021.10/bin/../lib/gcc/arm-none-eabi/10.3.1/../../../../arm-none-eabi/lib/thumb/v7-m/nofp\libg.a(lib_a-memset.o)
                0x08000d14                memset
 .text.startup.register_fini
                0x08000db8       0x14 c:/gcc-arm-none-eabi-10.3-2021.10/bin/../lib/gcc/arm-none-eabi/10.3.1/../../../../arm-none-eabi/lib/thumb/v7-m/nofp\libg.a(lib_a-__call_atexit.o)
 .text.atexit   0x08000dcc        0xc c:/gcc-arm-none-eabi-10.3-2021.10/bin/../lib/gcc/arm-none-eabi/10.3.1/../../../../arm-none-eabi/lib/thumb/v7-m/nofp\libg.a(lib_a-atexit.o)
                0x08000dcc                atexit
 .text.__libc_fini_array
                0x08000dd8       0x2c c:/gcc-arm-none-eabi-10.3-2021.10/bin/../lib/gcc/arm-none-eabi/10.3.1/../../../../arm-none-eabi/lib/thumb/v7-m/nofp\libg.a(lib_a-fini.o)
                0x08000dd8                __libc_fini_array
 .text.__retarget_lock_acquire_recursive
                0x08000e04        0x4 c:/gcc-arm-none-eabi-10.3-2021.10/bin/../lib/gcc/arm-none-eabi/10.3.1/../../../../arm-none-eabi/lib/thumb/v7-m/nofp\libg.a(lib_a-lock.o)
                0x08000e04                __retarget_lock_acquire_recursive
 .text.__retarget_lock_release_recursive
                0x08000e08        0x4 c:/gcc-arm-none-eabi-10.3-2021.10/bin/../lib/gcc/arm-none-eabi/10.3.1/../../../../arm-none-eabi/lib/thumb/v7-m/nofp\libg.a(lib_a-lock.o)
                0x08000e08                __retarget_lock_release_recursive
 .text.__register_exitproc
                0x08000e0c       0x8c c:/gcc-arm-none-eabi-10.3-2021.10/bin/../lib/gcc/arm-none-eabi/10.3.1/../../../../arm-none-eabi/lib/thumb/v7-m/nofp\libg.a(lib_a-__atexit.o)
                0x08000e0c                __register_exitproc
 *(.glue_7)
 .glue_7        0x08000e98        0x0 linker stubs
 *(.glue_7t)
 .glue_7t       0x08000e98        0x0 linker stubs
 *(.eh_frame)
 .eh_frame      0x08000e98        0x0 c:/gcc-arm-none-eabi-10.3-2021.10/bin/../lib/gcc/arm-none-eabi/10.3.1/thumb/v7-m/nofp/crtbegin.o
 *(.init)
 .init          0x08000e98        0x4 c:/gcc-arm-none-eabi-10.3-2021.10/bin/../lib/gcc/arm-none-eabi/10.3.1/thumb/v7-m/nofp/crti.o
                0x08000e98                _init
 .init          0x08000e9c        0x8 c:/gcc-arm-none-eabi-10.3-2021.10/bin/../lib/gcc/arm-none-eabi/10.3.1/thumb/v7-m/nofp/crtn.o
 *(.fini)
 .fini          0x08000ea4        0x4 c:/gcc-arm-none-eabi-10.3-2021.10/bin/../lib/gcc/arm-none-eabi/10.3.1/thumb/v7-m/nofp/crti.o
                0x08000ea4                _fini
 .fini          0x08000ea8        0x8 c:/gcc-arm-none-eabi-10.3-2021.10/bin/../lib/gcc/arm-none-eabi/10.3.1/thumb/v7-m/nofp/crtn.o
                0x08000eb0                . = ALIGN (0x4)
                0x08000eb0                _etext = .

.vfp11_veneer   0x08000eb0        0x0
 .vfp11_veneer  0x08000eb0        0x0 linker stubs

.v4_bx          0x08000eb0        0x0
 .v4_bx         0x08000eb0        0x0 linker stubs

.iplt           0x08000eb0        0x0
 .iplt          0x08000eb0        0x0 c:/gcc-arm-none-eabi-10.3-2021.10/bin/../lib/gcc/arm-none-eabi/10.3.1/thumb/v7-m/nofp/crtbegin.o

.rodata         0x08000eb0       0x28
                0x08000eb0                . = ALIGN (0x4)
 *(.rodata)
 *(.rodata*)
 .rodata.AHBPrescTable
                0x08000eb0       0x10 CMakeFiles/led_test.elf.dir/Core/Src/system_stm32f1xx.c.obj
                0x08000eb0                AHBPrescTable
 .rodata.HAL_RCC_GetSysClockFreq.str1.4
                0x08000ec0       0x11 CMakeFiles/led_test.elf.dir/Drivers/STM32F1xx_HAL_Driver/Src/stm32f1xx_hal_rcc.c.obj
 *fill*         0x08000ed1        0x3 
 .rodata._global_impure_ptr
                0x08000ed4        0x4 c:/gcc-arm-none-eabi-10.3-2021.10/bin/../lib/gcc/arm-none-eabi/10.3.1/../../../../arm-none-eabi/lib/thumb/v7-m/nofp\libg.a(lib_a-impure.o)
                0x08000ed4                _global_impure_ptr
                0x08000ed8                . = ALIGN (0x4)

.rel.dyn        0x08000ed8        0x0
 .rel.iplt      0x08000ed8        0x0 c:/gcc-arm-none-eabi-10.3-2021.10/bin/../lib/gcc/arm-none-eabi/10.3.1/thumb/v7-m/nofp/crtbegin.o

.ARM.extab      0x08000ed8        0x0
                0x08000ed8                . = ALIGN (0x4)
 *(.ARM.extab* .gnu.linkonce.armextab.*)
                0x08000ed8                . = ALIGN (0x4)

.ARM            0x08000ed8        0x0
                0x08000ed8                . = ALIGN (0x4)
                0x08000ed8                __exidx_start = .
 *(.ARM.exidx*)
                0x08000ed8                __exidx_end = .
                0x08000ed8                . = ALIGN (0x4)

.preinit_array  0x08000ed8        0x0
                0x08000ed8                . = ALIGN (0x4)
                0x08000ed8                PROVIDE (__preinit_array_start = .)
 *(.preinit_array*)
                0x08000ed8                PROVIDE (__preinit_array_end = .)
                0x08000ed8                . = ALIGN (0x4)

.init_array     0x08000ed8        0x8
                0x08000ed8                . = ALIGN (0x4)
                0x08000ed8                PROVIDE (__init_array_start = .)
 *(SORT_BY_NAME(.init_array.*))
 .init_array.00000
                0x08000ed8        0x4 c:/gcc-arm-none-eabi-10.3-2021.10/bin/../lib/gcc/arm-none-eabi/10.3.1/../../../../arm-none-eabi/lib/thumb/v7-m/nofp\libg.a(lib_a-__call_atexit.o)
 *(.init_array*)
 .init_array    0x08000edc        0x4 c:/gcc-arm-none-eabi-10.3-2021.10/bin/../lib/gcc/arm-none-eabi/10.3.1/thumb/v7-m/nofp/crtbegin.o
                0x08000ee0                PROVIDE (__init_array_end = .)
                0x08000ee0                . = ALIGN (0x4)

.fini_array     0x08000ee0        0x4
                0x08000ee0                . = ALIGN (0x4)
                0x08000ee0                PROVIDE (__fini_array_start = .)
 *(SORT_BY_NAME(.fini_array.*))
 *(.fini_array*)
 .fini_array    0x08000ee0        0x4 c:/gcc-arm-none-eabi-10.3-2021.10/bin/../lib/gcc/arm-none-eabi/10.3.1/thumb/v7-m/nofp/crtbegin.o
                0x08000ee4                PROVIDE (__fini_array_end = .)
                0x08000ee4                . = ALIGN (0x4)
                0x08000ee4                _sidata = LOADADDR (.data)

.data           0x20000000      0x43c load address 0x08000ee4
                0x20000000                . = ALIGN (0x4)
                0x20000000                _sdata = .
 *(.data)
 *(.data*)
 .data.SystemCoreClock
                0x20000000        0x4 CMakeFiles/led_test.elf.dir/Core/Src/system_stm32f1xx.c.obj
                0x20000000                SystemCoreClock
 .data.uwTickFreq
                0x20000004        0x1 CMakeFiles/led_test.elf.dir/Drivers/STM32F1xx_HAL_Driver/Src/stm32f1xx_hal.c.obj
                0x20000004                uwTickFreq
 *fill*         0x20000005        0x3 
 .data.uwTickPrio
                0x20000008        0x4 CMakeFiles/led_test.elf.dir/Drivers/STM32F1xx_HAL_Driver/Src/stm32f1xx_hal.c.obj
                0x20000008                uwTickPrio
 *fill*         0x2000000c        0x4 
 .data.impure_data
                0x20000010      0x428 c:/gcc-arm-none-eabi-10.3-2021.10/bin/../lib/gcc/arm-none-eabi/10.3.1/../../../../arm-none-eabi/lib/thumb/v7-m/nofp\libg.a(lib_a-impure.o)
 .data.__atexit_recursive_mutex
                0x20000438        0x4 c:/gcc-arm-none-eabi-10.3-2021.10/bin/../lib/gcc/arm-none-eabi/10.3.1/../../../../arm-none-eabi/lib/thumb/v7-m/nofp\libg.a(lib_a-__call_atexit.o)
                0x20000438                __atexit_recursive_mutex
 *(.RamFunc)
 *(.RamFunc*)
                0x2000043c                . = ALIGN (0x4)
                0x2000043c                _edata = .

.igot.plt       0x2000043c        0x0 load address 0x08001320
 .igot.plt      0x2000043c        0x0 c:/gcc-arm-none-eabi-10.3-2021.10/bin/../lib/gcc/arm-none-eabi/10.3.1/thumb/v7-m/nofp/crtbegin.o
                0x2000043c                . = ALIGN (0x4)

.bss            0x2000043c       0x24 load address 0x08001320
                0x2000043c                _sbss = .
                0x2000043c                __bss_start__ = _sbss
 *(.bss)
 .bss           0x2000043c       0x1c c:/gcc-arm-none-eabi-10.3-2021.10/bin/../lib/gcc/arm-none-eabi/10.3.1/thumb/v7-m/nofp/crtbegin.o
 *(.bss*)
 .bss.uwTick    0x20000458        0x4 CMakeFiles/led_test.elf.dir/Drivers/STM32F1xx_HAL_Driver/Src/stm32f1xx_hal.c.obj
                0x20000458                uwTick
 .bss.__lock___atexit_recursive_mutex
                0x2000045c        0x1 c:/gcc-arm-none-eabi-10.3-2021.10/bin/../lib/gcc/arm-none-eabi/10.3.1/../../../../arm-none-eabi/lib/thumb/v7-m/nofp\libg.a(lib_a-lock.o)
                0x2000045c                __lock___atexit_recursive_mutex
 *(COMMON)
                0x20000460                . = ALIGN (0x4)
 *fill*         0x2000045d        0x3 
                0x20000460                _ebss = .
                0x20000460                __bss_end__ = _ebss

._user_heap_stack
                0x20000460      0x600 load address 0x08001320
                0x20000460                . = ALIGN (0x8)
                [!provide]                PROVIDE (end = .)
                0x20000460                PROVIDE (_end = .)
                0x20000660                . = (. + _Min_Heap_Size)
 *fill*         0x20000460      0x200 
                0x20000a60                . = (. + _Min_Stack_Size)
 *fill*         0x20000660      0x400 
                0x20000a60                . = ALIGN (0x8)

/DISCARD/
 libc.a(*)
 libm.a(*)
 libgcc.a(*)

.ARM.attributes
                0x00000000       0x29
 *(.ARM.attributes)
 .ARM.attributes
                0x00000000       0x1d c:/gcc-arm-none-eabi-10.3-2021.10/bin/../lib/gcc/arm-none-eabi/10.3.1/thumb/v7-m/nofp/crti.o
 .ARM.attributes
                0x0000001d       0x2d c:/gcc-arm-none-eabi-10.3-2021.10/bin/../lib/gcc/arm-none-eabi/10.3.1/thumb/v7-m/nofp/crtbegin.o
 .ARM.attributes
                0x0000004a       0x2d CMakeFiles/led_test.elf.dir/Core/Src/main.c.obj
 .ARM.attributes
                0x00000077       0x2d CMakeFiles/led_test.elf.dir/Core/Src/stm32f1xx_hal_msp.c.obj
 .ARM.attributes
                0x000000a4       0x2d CMakeFiles/led_test.elf.dir/Core/Src/stm32f1xx_it.c.obj
 .ARM.attributes
                0x000000d1       0x2d CMakeFiles/led_test.elf.dir/Core/Src/system_stm32f1xx.c.obj
 .ARM.attributes
                0x000000fe       0x21 CMakeFiles/led_test.elf.dir/Core/Startup/startup_stm32f103c6tx.s.obj
 .ARM.attributes
                0x0000011f       0x2d CMakeFiles/led_test.elf.dir/Drivers/STM32F1xx_HAL_Driver/Src/stm32f1xx_hal.c.obj
 .ARM.attributes
                0x0000014c       0x2d CMakeFiles/led_test.elf.dir/Drivers/STM32F1xx_HAL_Driver/Src/stm32f1xx_hal_cortex.c.obj
 .ARM.attributes
                0x00000179       0x2d CMakeFiles/led_test.elf.dir/Drivers/STM32F1xx_HAL_Driver/Src/stm32f1xx_hal_gpio.c.obj
 .ARM.attributes
                0x000001a6       0x2d CMakeFiles/led_test.elf.dir/Drivers/STM32F1xx_HAL_Driver/Src/stm32f1xx_hal_rcc.c.obj
 .ARM.attributes
                0x000001d3       0x2d c:/gcc-arm-none-eabi-10.3-2021.10/bin/../lib/gcc/arm-none-eabi/10.3.1/../../../../arm-none-eabi/lib/thumb/v7-m/nofp\libg.a(lib_a-impure.o)
 .ARM.attributes
                0x00000200       0x2d c:/gcc-arm-none-eabi-10.3-2021.10/bin/../lib/gcc/arm-none-eabi/10.3.1/../../../../arm-none-eabi/lib/thumb/v7-m/nofp\libg.a(lib_a-init.o)
 .ARM.attributes
                0x0000022d       0x2d c:/gcc-arm-none-eabi-10.3-2021.10/bin/../lib/gcc/arm-none-eabi/10.3.1/../../../../arm-none-eabi/lib/thumb/v7-m/nofp\libg.a(lib_a-memset.o)
 .ARM.attributes
                0x0000025a       0x2d c:/gcc-arm-none-eabi-10.3-2021.10/bin/../lib/gcc/arm-none-eabi/10.3.1/../../../../arm-none-eabi/lib/thumb/v7-m/nofp\libg.a(lib_a-__call_atexit.o)
 .ARM.attributes
                0x00000287       0x2d c:/gcc-arm-none-eabi-10.3-2021.10/bin/../lib/gcc/arm-none-eabi/10.3.1/../../../../arm-none-eabi/lib/thumb/v7-m/nofp\libg.a(lib_a-atexit.o)
 .ARM.attributes
                0x000002b4       0x2d c:/gcc-arm-none-eabi-10.3-2021.10/bin/../lib/gcc/arm-none-eabi/10.3.1/../../../../arm-none-eabi/lib/thumb/v7-m/nofp\libg.a(lib_a-fini.o)
 .ARM.attributes
                0x000002e1       0x2d c:/gcc-arm-none-eabi-10.3-2021.10/bin/../lib/gcc/arm-none-eabi/10.3.1/../../../../arm-none-eabi/lib/thumb/v7-m/nofp\libg.a(lib_a-lock.o)
 .ARM.attributes
                0x0000030e       0x2d c:/gcc-arm-none-eabi-10.3-2021.10/bin/../lib/gcc/arm-none-eabi/10.3.1/../../../../arm-none-eabi/lib/thumb/v7-m/nofp\libg.a(lib_a-__atexit.o)
 .ARM.attributes
                0x0000033b       0x1d c:/gcc-arm-none-eabi-10.3-2021.10/bin/../lib/gcc/arm-none-eabi/10.3.1/thumb/v7-m/nofp/crtn.o
OUTPUT(led_test.elf elf32-littlearm)
LOAD linker stubs
LOAD c:/gcc-arm-none-eabi-10.3-2021.10/bin/../lib/gcc/arm-none-eabi/10.3.1/../../../../arm-none-eabi/lib/thumb/v7-m/nofp\libc.a
LOAD c:/gcc-arm-none-eabi-10.3-2021.10/bin/../lib/gcc/arm-none-eabi/10.3.1/../../../../arm-none-eabi/lib/thumb/v7-m/nofp\libm.a
LOAD c:/gcc-arm-none-eabi-10.3-2021.10/bin/../lib/gcc/arm-none-eabi/10.3.1/thumb/v7-m/nofp\libgcc.a

.debug_info     0x00000000     0x30f0
 .debug_info    0x00000000      0x5aa CMakeFiles/led_test.elf.dir/Core/Src/main.c.obj
 .debug_info    0x000005aa      0x211 CMakeFiles/led_test.elf.dir/Core/Src/stm32f1xx_hal_msp.c.obj
 .debug_info    0x000007bb      0x130 CMakeFiles/led_test.elf.dir/Core/Src/stm32f1xx_it.c.obj
 .debug_info    0x000008eb      0x248 CMakeFiles/led_test.elf.dir/Core/Src/system_stm32f1xx.c.obj
 .debug_info    0x00000b33       0x22 CMakeFiles/led_test.elf.dir/Core/Startup/startup_stm32f103c6tx.s.obj
 .debug_info    0x00000b55      0x78a CMakeFiles/led_test.elf.dir/Drivers/STM32F1xx_HAL_Driver/Src/stm32f1xx_hal.c.obj
 .debug_info    0x000012df      0xd6c CMakeFiles/led_test.elf.dir/Drivers/STM32F1xx_HAL_Driver/Src/stm32f1xx_hal_cortex.c.obj
 .debug_info    0x0000204b      0x66f CMakeFiles/led_test.elf.dir/Drivers/STM32F1xx_HAL_Driver/Src/stm32f1xx_hal_gpio.c.obj
 .debug_info    0x000026ba      0xa36 CMakeFiles/led_test.elf.dir/Drivers/STM32F1xx_HAL_Driver/Src/stm32f1xx_hal_rcc.c.obj

.debug_abbrev   0x00000000      0xe12
 .debug_abbrev  0x00000000      0x1ca CMakeFiles/led_test.elf.dir/Core/Src/main.c.obj
 .debug_abbrev  0x000001ca       0xe5 CMakeFiles/led_test.elf.dir/Core/Src/stm32f1xx_hal_msp.c.obj
 .debug_abbrev  0x000002af       0x7e CMakeFiles/led_test.elf.dir/Core/Src/stm32f1xx_it.c.obj
 .debug_abbrev  0x0000032d      0x13e CMakeFiles/led_test.elf.dir/Core/Src/system_stm32f1xx.c.obj
 .debug_abbrev  0x0000046b       0x12 CMakeFiles/led_test.elf.dir/Core/Startup/startup_stm32f103c6tx.s.obj
 .debug_abbrev  0x0000047d      0x1f4 CMakeFiles/led_test.elf.dir/Drivers/STM32F1xx_HAL_Driver/Src/stm32f1xx_hal.c.obj
 .debug_abbrev  0x00000671      0x341 CMakeFiles/led_test.elf.dir/Drivers/STM32F1xx_HAL_Driver/Src/stm32f1xx_hal_cortex.c.obj
 .debug_abbrev  0x000009b2      0x1e6 CMakeFiles/led_test.elf.dir/Drivers/STM32F1xx_HAL_Driver/Src/stm32f1xx_hal_gpio.c.obj
 .debug_abbrev  0x00000b98      0x27a CMakeFiles/led_test.elf.dir/Drivers/STM32F1xx_HAL_Driver/Src/stm32f1xx_hal_rcc.c.obj

.debug_aranges  0x00000000      0x360
 .debug_aranges
                0x00000000       0x38 CMakeFiles/led_test.elf.dir/Core/Src/main.c.obj
 .debug_aranges
                0x00000038       0x20 CMakeFiles/led_test.elf.dir/Core/Src/stm32f1xx_hal_msp.c.obj
 .debug_aranges
                0x00000058       0x60 CMakeFiles/led_test.elf.dir/Core/Src/stm32f1xx_it.c.obj
 .debug_aranges
                0x000000b8       0x28 CMakeFiles/led_test.elf.dir/Core/Src/system_stm32f1xx.c.obj
 .debug_aranges
                0x000000e0       0x28 CMakeFiles/led_test.elf.dir/Core/Startup/startup_stm32f103c6tx.s.obj
 .debug_aranges
                0x00000108       0xe0 CMakeFiles/led_test.elf.dir/Drivers/STM32F1xx_HAL_Driver/Src/stm32f1xx_hal.c.obj
 .debug_aranges
                0x000001e8       0x90 CMakeFiles/led_test.elf.dir/Drivers/STM32F1xx_HAL_Driver/Src/stm32f1xx_hal_cortex.c.obj
 .debug_aranges
                0x00000278       0x58 CMakeFiles/led_test.elf.dir/Drivers/STM32F1xx_HAL_Driver/Src/stm32f1xx_hal_gpio.c.obj
 .debug_aranges
                0x000002d0       0x90 CMakeFiles/led_test.elf.dir/Drivers/STM32F1xx_HAL_Driver/Src/stm32f1xx_hal_rcc.c.obj

.debug_ranges   0x00000000      0x358
 .debug_ranges  0x00000000       0x28 CMakeFiles/led_test.elf.dir/Core/Src/main.c.obj
 .debug_ranges  0x00000028       0x10 CMakeFiles/led_test.elf.dir/Core/Src/stm32f1xx_hal_msp.c.obj
 .debug_ranges  0x00000038       0x50 CMakeFiles/led_test.elf.dir/Core/Src/stm32f1xx_it.c.obj
 .debug_ranges  0x00000088       0x18 CMakeFiles/led_test.elf.dir/Core/Src/system_stm32f1xx.c.obj
 .debug_ranges  0x000000a0       0x20 CMakeFiles/led_test.elf.dir/Core/Startup/startup_stm32f103c6tx.s.obj
 .debug_ranges  0x000000c0       0xd0 CMakeFiles/led_test.elf.dir/Drivers/STM32F1xx_HAL_Driver/Src/stm32f1xx_hal.c.obj
 .debug_ranges  0x00000190       0xe0 CMakeFiles/led_test.elf.dir/Drivers/STM32F1xx_HAL_Driver/Src/stm32f1xx_hal_cortex.c.obj
 .debug_ranges  0x00000270       0x48 CMakeFiles/led_test.elf.dir/Drivers/STM32F1xx_HAL_Driver/Src/stm32f1xx_hal_gpio.c.obj
 .debug_ranges  0x000002b8       0xa0 CMakeFiles/led_test.elf.dir/Drivers/STM32F1xx_HAL_Driver/Src/stm32f1xx_hal_rcc.c.obj

.debug_line     0x00000000     0x282b
 .debug_line    0x00000000      0x3b3 CMakeFiles/led_test.elf.dir/Core/Src/main.c.obj
 .debug_line    0x000003b3      0x186 CMakeFiles/led_test.elf.dir/Core/Src/stm32f1xx_hal_msp.c.obj
 .debug_line    0x00000539      0x1bf CMakeFiles/led_test.elf.dir/Core/Src/stm32f1xx_it.c.obj
 .debug_line    0x000006f8      0x250 CMakeFiles/led_test.elf.dir/Core/Src/system_stm32f1xx.c.obj
 .debug_line    0x00000948       0xa8 CMakeFiles/led_test.elf.dir/Core/Startup/startup_stm32f103c6tx.s.obj
 .debug_line    0x000009f0      0x580 CMakeFiles/led_test.elf.dir/Drivers/STM32F1xx_HAL_Driver/Src/stm32f1xx_hal.c.obj
 .debug_line    0x00000f70      0x667 CMakeFiles/led_test.elf.dir/Drivers/STM32F1xx_HAL_Driver/Src/stm32f1xx_hal_cortex.c.obj
 .debug_line    0x000015d7      0x5fa CMakeFiles/led_test.elf.dir/Drivers/STM32F1xx_HAL_Driver/Src/stm32f1xx_hal_gpio.c.obj
 .debug_line    0x00001bd1      0xc5a CMakeFiles/led_test.elf.dir/Drivers/STM32F1xx_HAL_Driver/Src/stm32f1xx_hal_rcc.c.obj

.debug_str      0x00000000     0x1394
 .debug_str     0x00000000      0x439 CMakeFiles/led_test.elf.dir/Core/Src/main.c.obj
                                0x48b (size before relaxing)
 .debug_str     0x00000439       0x7b CMakeFiles/led_test.elf.dir/Core/Src/stm32f1xx_hal_msp.c.obj
                                0x25f (size before relaxing)
 .debug_str     0x000004b4       0xd8 CMakeFiles/led_test.elf.dir/Core/Src/stm32f1xx_it.c.obj
                                0x262 (size before relaxing)
 .debug_str     0x0000058c       0xa9 CMakeFiles/led_test.elf.dir/Core/Src/system_stm32f1xx.c.obj
                                0x294 (size before relaxing)
 .debug_str     0x00000635       0x57 CMakeFiles/led_test.elf.dir/Core/Startup/startup_stm32f103c6tx.s.obj
                                 0x8d (size before relaxing)
 .debug_str     0x0000068c      0x5d5 CMakeFiles/led_test.elf.dir/Drivers/STM32F1xx_HAL_Driver/Src/stm32f1xx_hal.c.obj
                                0x82a (size before relaxing)
 .debug_str     0x00000c61      0x3e6 CMakeFiles/led_test.elf.dir/Drivers/STM32F1xx_HAL_Driver/Src/stm32f1xx_hal_cortex.c.obj
                                0x8d9 (size before relaxing)
 .debug_str     0x00001047      0x138 CMakeFiles/led_test.elf.dir/Drivers/STM32F1xx_HAL_Driver/Src/stm32f1xx_hal_gpio.c.obj
                                0x440 (size before relaxing)
 .debug_str     0x0000117f      0x215 CMakeFiles/led_test.elf.dir/Drivers/STM32F1xx_HAL_Driver/Src/stm32f1xx_hal_rcc.c.obj
                                0x66b (size before relaxing)

.comment        0x00000000       0x49
 .comment       0x00000000       0x49 CMakeFiles/led_test.elf.dir/Core/Src/main.c.obj
                                 0x4a (size before relaxing)
 .comment       0x00000049       0x4a CMakeFiles/led_test.elf.dir/Core/Src/stm32f1xx_hal_msp.c.obj
 .comment       0x00000049       0x4a CMakeFiles/led_test.elf.dir/Core/Src/stm32f1xx_it.c.obj
 .comment       0x00000049       0x4a CMakeFiles/led_test.elf.dir/Core/Src/system_stm32f1xx.c.obj
 .comment       0x00000049       0x4a CMakeFiles/led_test.elf.dir/Drivers/STM32F1xx_HAL_Driver/Src/stm32f1xx_hal.c.obj
 .comment       0x00000049       0x4a CMakeFiles/led_test.elf.dir/Drivers/STM32F1xx_HAL_Driver/Src/stm32f1xx_hal_cortex.c.obj
 .comment       0x00000049       0x4a CMakeFiles/led_test.elf.dir/Drivers/STM32F1xx_HAL_Driver/Src/stm32f1xx_hal_gpio.c.obj
 .comment       0x00000049       0x4a CMakeFiles/led_test.elf.dir/Drivers/STM32F1xx_HAL_Driver/Src/stm32f1xx_hal_rcc.c.obj

.debug_frame    0x00000000      0x8bc
 .debug_frame   0x00000000       0x78 CMakeFiles/led_test.elf.dir/Core/Src/main.c.obj
 .debug_frame   0x00000078       0x28 CMakeFiles/led_test.elf.dir/Core/Src/stm32f1xx_hal_msp.c.obj
 .debug_frame   0x000000a0       0xa8 CMakeFiles/led_test.elf.dir/Core/Src/stm32f1xx_it.c.obj
 .debug_frame   0x00000148       0x30 CMakeFiles/led_test.elf.dir/Core/Src/system_stm32f1xx.c.obj
 .debug_frame   0x00000178      0x1cc CMakeFiles/led_test.elf.dir/Drivers/STM32F1xx_HAL_Driver/Src/stm32f1xx_hal.c.obj
 .debug_frame   0x00000344      0x118 CMakeFiles/led_test.elf.dir/Drivers/STM32F1xx_HAL_Driver/Src/stm32f1xx_hal_cortex.c.obj
 .debug_frame   0x0000045c       0xe4 CMakeFiles/led_test.elf.dir/Drivers/STM32F1xx_HAL_Driver/Src/stm32f1xx_hal_gpio.c.obj
 .debug_frame   0x00000540      0x190 CMakeFiles/led_test.elf.dir/Drivers/STM32F1xx_HAL_Driver/Src/stm32f1xx_hal_rcc.c.obj
 .debug_frame   0x000006d0       0x2c c:/gcc-arm-none-eabi-10.3-2021.10/bin/../lib/gcc/arm-none-eabi/10.3.1/../../../../arm-none-eabi/lib/thumb/v7-m/nofp\libg.a(lib_a-init.o)
 .debug_frame   0x000006fc       0x2c c:/gcc-arm-none-eabi-10.3-2021.10/bin/../lib/gcc/arm-none-eabi/10.3.1/../../../../arm-none-eabi/lib/thumb/v7-m/nofp\libg.a(lib_a-memset.o)
 .debug_frame   0x00000728       0x5c c:/gcc-arm-none-eabi-10.3-2021.10/bin/../lib/gcc/arm-none-eabi/10.3.1/../../../../arm-none-eabi/lib/thumb/v7-m/nofp\libg.a(lib_a-__call_atexit.o)
 .debug_frame   0x00000784       0x20 c:/gcc-arm-none-eabi-10.3-2021.10/bin/../lib/gcc/arm-none-eabi/10.3.1/../../../../arm-none-eabi/lib/thumb/v7-m/nofp\libg.a(lib_a-atexit.o)
 .debug_frame   0x000007a4       0x34 c:/gcc-arm-none-eabi-10.3-2021.10/bin/../lib/gcc/arm-none-eabi/10.3.1/../../../../arm-none-eabi/lib/thumb/v7-m/nofp\libg.a(lib_a-fini.o)
 .debug_frame   0x000007d8       0xb0 c:/gcc-arm-none-eabi-10.3-2021.10/bin/../lib/gcc/arm-none-eabi/10.3.1/../../../../arm-none-eabi/lib/thumb/v7-m/nofp\libg.a(lib_a-lock.o)
 .debug_frame   0x00000888       0x34 c:/gcc-arm-none-eabi-10.3-2021.10/bin/../lib/gcc/arm-none-eabi/10.3.1/../../../../arm-none-eabi/lib/thumb/v7-m/nofp\libg.a(lib_a-__atexit.o)

.debug_loc      0x00000000     0x13ef
 .debug_loc     0x00000000       0x15 CMakeFiles/led_test.elf.dir/Core/Src/stm32f1xx_hal_msp.c.obj
 .debug_loc     0x00000015       0xff CMakeFiles/led_test.elf.dir/Core/Src/system_stm32f1xx.c.obj
 .debug_loc     0x00000114      0x141 CMakeFiles/led_test.elf.dir/Drivers/STM32F1xx_HAL_Driver/Src/stm32f1xx_hal.c.obj
 .debug_loc     0x00000255      0x71f CMakeFiles/led_test.elf.dir/Drivers/STM32F1xx_HAL_Driver/Src/stm32f1xx_hal_cortex.c.obj
 .debug_loc     0x00000974      0x43d CMakeFiles/led_test.elf.dir/Drivers/STM32F1xx_HAL_Driver/Src/stm32f1xx_hal_gpio.c.obj
 .debug_loc     0x00000db1      0x63e CMakeFiles/led_test.elf.dir/Drivers/STM32F1xx_HAL_Driver/Src/stm32f1xx_hal_rcc.c.obj
